******************************************************************************
                  TI ARM Linker PC v18.12.5                    
******************************************************************************
>> Linked Fri Apr 10 11:30:59 2020

OUTPUT FILE NAME:   <mqtt_client_CC3220SF_LAUNCHXL_freertos_ccs.out>
ENTRY POINT SYMBOL: "resetISR"  address: 01018605


MEMORY CONFIGURATION

         name            origin    length      used     unused   attr    fill
----------------------  --------  ---------  --------  --------  ----  --------
  FLASH_HDR             01000000   000007ff  00000000  000007ff  R  X
  FLASH                 01000800   000ff800  000192a0  000e6560  R  X
  SRAM                  20000000   00040000  0000bbbd  00034443  RW X


SEGMENT ALLOCATION MAP

run origin  load origin   length   init length attrs members
----------  ----------- ---------- ----------- ----- -------
01000800    01000800    000192a8   000192a8    r-x
  01000800    01000800    00000040   00000040    r-- .resetVecs
  01000840    01000840    00018572   00018572    r-x .text
  01018db4    01018db4    00000aee   00000aee    r-- .const
  010198a8    010198a8    00000200   00000200    r-- .cinit
20000400    20000400    0000b4b4   00000000    rw-
  20000400    20000400    0000a75d   00000000    rw- .bss
  2000ab60    2000ab60    00000d54   00000000    rw- .data
2003fc00    2003fc00    00000400   00000000    rw-
  2003fc00    2003fc00    00000400   00000000    rw- .stack


SECTION ALLOCATION MAP

 output                                  attributes/
section   page    origin      length       input sections
--------  ----  ----------  ----------   ----------------
.resetVecs 
*          0    01000800    00000040     
                  01000800    00000040     freertos_builds_CC3220SF_LAUNCHXL_release_ccs.lib : startup_cc32xx_ccs.obj (.resetVecs:retain)

.text      0    01000840    00018572     
                  01000840    00000a4e     rtsv7M4_T_le_eabi.lib : _printfi.c.obj (.text:__TI_printfi)
                  0100128e    00000002     ti_drivers_config.obj (.text:Board_initHook)
                  01001290    000008cc     simplelink.a : driver.obj (.text:_SlDrvMsgRead)
                  01001b5c    000004bc                  : sl_socket.obj (.text:_SlSocketHandleAsync_Select)
                  01002018    00000430     driverlib.a : prcm.obj (.text:PRCMCC3200MCUInit)
                  01002448    00000384     simplelink.a : driver.obj (.text:_SlDrvMsgWrite)
                  010027cc    0000033c     client_cbs.obj (.text:MqttClientCallback)
                  01002b08    00000320     network_if.obj (.text:Network_IF_ConnectAP)
                  01002e28    000002e0     simplelink.a : driver.obj (.text:_SlDrvWaitForPoolObj)
                  01003108    000002d8                  : driver.obj (.text:_SlDrvRxHdrRead)
                  010033e0    000002cc     mqtt_client_app.obj (.text:mainThread)
                  010036ac    000002b4     simplelink.a : sl_socket.obj (.text:sl_Select)
                  01003960    00000294                  : driver.obj (.text:_SlDrvReleasePoolObj)
                  01003bf4    0000028d     network_if.obj (.text:SimpleLinkSockEventHandler)
                  01003e81    00000001     --HOLE-- [fill = 0]
                  01003e82    00000002     driverlib.a : interrupt.obj (.text:IntDefaultHandler)
                  01003e84    00000280     drivers_cc32xx.aem4 : UARTCC32XX.oem4 (.text:UARTCC32XX_open)
                  01004104    0000027c     mqtt_client_app.obj (.text:_Z16MqttClient_startv)
                  01004380    0000027c     simplelink.a : wlan.obj (.text:sl_WlanConnect)
                  010045fc    00000278     freertos_builds_CC3220SF_LAUNCHXL_release_ccs.lib : mqueue.obj (.text:mq_open)
                  01004874    00000268     rtsv7M4_T_le_eabi.lib : _printfi.c.obj (.text:_pconv_a)
                  01004adc    00000264     network_if.obj (.text:Network_IF_InitDriver)
                  01004d40    0000025c     simplelink.a : driver.obj (.text:_SlDrvDataReadOp)
                  01004f9c    00000234     mqtt_client_app.obj (.text:_Z16DisplayAppBannerPcS_)
                  010051d0    00000224     simplelink.a : driver.obj (.text:_SlDrvDriverCBInit)
                  010053f4    00000224     mqtt_client_app.obj (.text:_Z10MqttClientPv)
                  01005618    00000218     simplelink.a : driver.obj (.text:_SlDrvDataWriteOp)
                  01005830    0000020c     drivers_cc32xx.aem4 : UARTCC32XXDMA.oem4 (.text:UARTCC32XXDMA_open)
                  01005a3c    000001f4     simplelink.a : driver.obj (.text:_SlDrvMsgReadCmdCtx)
                  01005c30    000001f2                  : netapp.obj (.text:_SlNetAppEventHandler)
                  01005e22    00000002     drivers_cc32xx.aem4 : PWMTimerCC32XX.oem4 (.text:PWMTimerCC32XX_init)
                  01005e24    000001e1     network_if.obj (.text:SimpleLinkFatalErrorEventHandler)
                  01006005    00000001     --HOLE-- [fill = 0]
                  01006006    00000002     freertos_builds_CC3220SF_LAUNCHXL_release_ccs.lib : PowerCC32XX_freertos.obj (.text:PowerCC32XX_initPolicy)
                  01006008    000001d8     network_if.obj (.text:SimpleLinkWlanEventHandler)
                  010061e0    000001d4     drivers_cc32xx.aem4 : GPIOCC32XX.oem4 (.text:GPIO_setConfig)
                  010063b4    000001d4     freertos_builds_CC3220SF_LAUNCHXL_release_ccs.lib : timer.obj (.text:timer_settime)
                  01006588    000001d4                                                       : queue.obj (.text:xQueueSemaphoreTake)
                  0100675c    000001d0     drivers_cc32xx.aem4 : SPICC32XXDMA.oem4 (.text:SPICC32XXDMA_transfer)
                  0100692c    000001cc     rtsv7M4_T_le_eabi.lib : _printfi.c.obj (.text:_pconv_g)
                  01006af8    000001c8     simplelink.a : device.obj (.text:sl_Stop)
                  01006cc0    000001b8     drivers_cc32xx.aem4 : SPICC32XXDMA.oem4 (.text:configDMA)
                  01006e78    000001b8     freertos_builds_CC3220SF_LAUNCHXL_release_ccs.lib : queue.obj (.text:xQueueGenericSend)
                  01007030    000001b6     rtsv7M4_T_le_eabi.lib : fd_add_t2.asm.obj (.text)
                  010071e6    00000002     drivers_cc32xx.aem4 : UARTCC32XXDMA.oem4 (.text:UARTCC32XXDMA_init)
                  010071e8    000001b4     simplelink.a : driver.obj (.text:_SlDrvReleaseAllActivePendingPoolObj)
                  0100739c    000001b0     freertos_builds_CC3220SF_LAUNCHXL_release_ccs.lib : PowerCC32XX_freertos.obj (.text:PowerCC32XX_sleepPolicy)
                  0100754c    000001ac     simplelink.a : sl_socket.obj (.text:sl_Accept)
                  010076f8    00000198     slnetsock_release.a : slnetsock.oem4 (.text:SlNetSock_select)
                  01007890    0000018c     simplelink.a : sl_socket.obj (.text:_SlDrvRegisterForSelectAsync)
                  01007a1c    00000184                  : driver.obj (.text:_SlDrvFindAndSetActiveObj)
                  01007ba0    00000184     freertos_builds_CC3220SF_LAUNCHXL_release_ccs.lib : heap_4.obj (.text:pvPortMalloc)
                  01007d24    00000180     network_if.obj (.text:SimpleLinkNetAppEventHandler)
                  01007ea4    00000180     freertos_builds_CC3220SF_LAUNCHXL_release_ccs.lib : queue.obj (.text:xQueueReceive)
                  01008024    00000178     simplelink.a : sl_socket.obj (.text:sl_Connect)
                  0100819c    00000170                  : netapp.obj (.text:sl_NetAppDnsGetHostByName)
                  0100830c    00000164     freertos_builds_CC3220SF_LAUNCHXL_release_ccs.lib : timers.obj (.text:prvProcessReceivedCommands)
                  01008470    0000015a     mqtt_release.a : mqtt_net_func.oem4 (.text:createSocket)
                  010085ca    00000002     drivers_cc32xx.aem4 : UARTCC32XX.oem4 (.text:UARTCC32XX_init)
                  010085cc    00000158                         : SPICC32XXDMA.oem4 (.text:SPICC32XXDMA_open)
                  01008724    00000154     mqtt_release.a : mqttclient.oem4 (.text:MQTTClient_connect)
                  01008878    00000154     mqtt_client_app.obj (.text:_Z15Mqtt_IF_Connectv)
                  010089cc    00000154     simplelink.a : sl_socket.obj (.text:sl_RecvFrom)
                  01008b20    0000014c                  : sl_socket.obj (.text:sl_StartTLS)
                  01008c6c    00000148     drivers_cc32xx.aem4 : PowerCC32XX.oem4 (.text:parkPins)
                  01008db4    00000140                         : PWMTimerCC32XX.oem4 (.text:PWMTimerCC32XX_setDutyAndPeriod)
                  01008ef4    00000140     simplelink.a : driver.obj (.text:_SlDrvMsgReadSpawnCtx)
                  01009034    00000140     mqtt_client_app.obj (.text:_Z10Mqtt_startv)
                  01009174    00000140     RPLidar.obj (.text:_ZN7RPLidar9waitPointEj)
                  010092b4    00000140     freertos_builds_CC3220SF_LAUNCHXL_release_ccs.lib : tasks.obj (.text:xTaskIncrementTick)
                  010093f4    0000013c     simplelink.a : driver.obj (.text:_SlDrvDriverCBDeinit)
                  01009530    0000013c                  : sl_socket.obj (.text:_SlDrvGetNextTimeoutValue)
                  0100966c    0000013c     rtsv7M4_T_le_eabi.lib : _printfi.c.obj (.text:_pconv_e)
                  010097a8    00000138     drivers_cc32xx.aem4 : PowerCC32XX.oem4 (.text:Power_sleep)
                  010098e0    00000138     simplelink.a : driver.obj (.text:_SlSpawnMsgListInsert)
                  01009a18    00000138     freertos_builds_CC3220SF_LAUNCHXL_release_ccs.lib : pthread.obj (.text:pthread_create)
                  01009b50    00000136     rtsv7M4_T_le_eabi.lib : fd_div_t2.asm.obj (.text)
                  01009c86    00000002     freertos_builds_CC3220SF_LAUNCHXL_release_ccs.lib : startup_cc32xx_ccs.obj (.text:busFaultHandler)
                  01009c88    00000134     simplelink.a : sl_socket.obj (.text:_SlSocketHandleAsync_StartTLS)
                  01009dbc    00000134     rtsv7M4_T_le_eabi.lib : vla_alloc.c.obj (.text:__vla_alloc)
                  01009ef0    0000012a     freertos_builds_CC3220SF_LAUNCHXL_release_ccs.lib : tasks.obj (.text:prvInitialiseNewTask)
                  0100a01a    00000002                                                       : startup_cc32xx_ccs.obj (.text:defaultHandler)
                  0100a01c    00000128     simplelink.a : driver.obj (.text:_SlDrvClassifyRxMsg)
                  0100a144    00000124                  : fs.obj (.text:sl_FsOpen)
                  0100a268    00000120     drivers_cc32xx.aem4 : UARTCC32XX.oem4 (.text:UARTCC32XX_close)
                  0100a388    00000120     simplelink.a : driver.obj (.text:_SlDrvAsyncEventGenericHandler)
                  0100a4a8    00000120     rtsv7M4_T_le_eabi.lib : _printfi.c.obj (.text:fcvt)
                  0100a5c8    00000120     simplelink.a : device.obj (.text:sl_Start)
                  0100a6e8    0000011c     RPLidar.obj (.text:_ZN7RPLidar19_waitResponseHeaderEP21_rplidar_ans_header_tj)
                  0100a804    0000011c     freertos_builds_CC3220SF_LAUNCHXL_release_ccs.lib : tasks.obj (.text:xTaskResumeAll)
                  0100a920    00000118     simplelink.a : netapp.obj (.text:_SlNetAppHandleAsync_DnsGetHostByService)
                  0100aa38    00000112     mqtt_release.a : mqtt_common.oem4 (.text:MQTT_PacketRecv)
                  0100ab4a    00000002     freertos_builds_CC3220SF_LAUNCHXL_release_ccs.lib : startup_cc32xx_ccs.obj (.text:faultISR)
                  0100ab4c    00000110     rtsv7M4_T_le_eabi.lib : strtoul.c.obj (.text:strtoul)
                  0100ac5c    0000010a     freertos_builds_CC3220SF_LAUNCHXL_release_ccs.lib : queue.obj (.text:xQueueGenericSendFromISR)
                  0100ad66    00000002                                                       : startup_cc32xx_ccs.obj (.text:nmiISR)
                  0100ad68    00000108     slnetsock_release.a : slnetutils.oem4 (.text:SlNetUtil_str2BinIpV6)
                  0100ae70    00000104     simplelink.a : device.obj (.text:_SlDeviceEventHandler)
                  0100af74    00000104                  : driver.obj (.text:_SlDrvCmdOp)
                  0100b078    00000104     freertos_builds_CC3220SF_LAUNCHXL_release_ccs.lib : tasks.obj (.text:vTaskPriorityDisinheritAfterTimeout)
                  0100b17c    00000100     simplelink.a : driver.obj (.text:_SlDrvObjGlobalLockWaitForever)
                  0100b27c    00000100                  : fs.obj (.text:sl_FsWrite)
                  0100b37c    00000100     freertos_builds_CC3220SF_LAUNCHXL_release_ccs.lib : tasks.obj (.text:vTaskDelete)
                  0100b47c    000000fc     rtsv7M4_T_le_eabi.lib : fd_mul_t2.asm.obj (.text)
                  0100b578    000000fc     simplelink.a : sl_socket.obj (.text:sl_Close)
                  0100b674    000000fc     freertos_builds_CC3220SF_LAUNCHXL_release_ccs.lib : tasks.obj (.text:vTaskSuspend)
                  0100b770    000000f8     slnetifwifi.a : slnetifwifi.obj (.text:SlNetIfWifi_loadSecObj)
                  0100b868    000000f8     drivers_cc32xx.aem4 : UARTCC32XXDMA.oem4 (.text:UARTCC32XXDMA_close)
                  0100b960    000000f8     mqtt_release.a : client_core.oem4 (.text:utf8ArraySend)
                  0100ba58    000000f6                    : mqtt_net_func.oem4 (.text:MQTTNet_commOpen)
                  0100bb4e    00000002     rtsv7M4_T_le_eabi.lib : div0.asm.obj (.text)
                  0100bb50    000000f4     simplelink.a : sl_socket.obj (.text:sl_SendTo)
                  0100bc44    000000f2     drivers_cc32xx.aem4 : SPICC32XXDMA.oem4 (.text:SPICC32XXDMA_transferCancel)
                  0100bd36    000000f2                         : UARTCC32XX.oem4 (.text:UARTCC32XX_control)
                  0100be28    000000f0                         : PWMTimerCC32XX.oem4 (.text:PWMTimerCC32XX_open)
                  0100bf18    000000f0     freertos_builds_CC3220SF_LAUNCHXL_release_ccs.lib : queue.obj (.text:xQueueGiveFromISR)
                  0100c008    000000e8     slnetsock_release.a : slnetif.oem4 (.text:SlNetIf_add)
                  0100c0f0    000000e8     drivers_cc32xx.aem4 : UARTCC32XXDMA.oem4 (.text:initHw)
                  0100c1d8    000000e0     mqtt_release.a : mqttclient.oem4 (.text:MqttClientCtxCreate)
                  0100c2b8    000000e0     freertos_builds_CC3220SF_LAUNCHXL_release_ccs.lib : tasks.obj (.text:xTaskPriorityDisinherit)
                  0100c398    000000de     mqtt_release.a : client_core.oem4 (.text:connectMsgSend)
                  0100c476    00000002     main_freertos.obj (.text:vApplicationMallocFailedHook)
                  0100c478    000000dc     freertos_builds_CC3220SF_LAUNCHXL_release_ccs.lib : tasks.obj (.text:vTaskSwitchContext)
                  0100c554    000000da     RPLidar.obj (.text:_ZN7RPLidar12_sendCommandEhPKvj)
                  0100c62e    00000002     --HOLE-- [fill = 0]
                  0100c630    000000d8     uart_term.obj (.text:GetCmd)
                  0100c708    000000d8     drivers_cc32xx.aem4 : SPICC32XXDMA.oem4 (.text:SPICC32XXDMA_close)
                  0100c7e0    000000d8     simplelink.a : device.obj (.text:_SlDeviceHandleAsync_InitComplete)
                  0100c8b8    000000d8                  : driver.obj (.text:_SlDrvWaitForInternalAsyncEvent)
                  0100c990    000000d8                  : netapp.obj (.text:_SlNetAppHandleAsync_NetAppReceive)
                  0100ca68    000000d8     freertos_builds_CC3220SF_LAUNCHXL_release_ccs.lib : queue.obj (.text:xQueueReceiveFromISR)
                  0100cb40    000000d8                                                       : tasks.obj (.text:xTaskPriorityInherit)
                  0100cc18    000000d4                                                       : mqueue.obj (.text:mq_timedsend)
                  0100ccec    000000d0     simplelink.a : driver.obj (.text:_SlDrvRemoveFromList)
                  0100cdbc    000000d0     mqtt_client_app.obj (.text:_Z29SetClientIdNamefromMacAddressv)
                  0100ce8c    000000d0     rtsv7M4_T_le_eabi.lib : s_scalbn.c.obj (.text:scalbn)
                  0100cf5c    000000cc     mqtt_release.a : mqttclient.oem4 (.text:processNotifyAckCB)
                  0100d028    000000ca     drivers_cc32xx.aem4 : UARTCC32XX.oem4 (.text:UARTCC32XX_write)
                  0100d0f2    000000c8                         : SPICC32XXDMA.oem4 (.text:spiHwiFxn)
                  0100d1ba    00000002     --HOLE-- [fill = 0]
                  0100d1bc    000000c4                         : GPIOCC32XX.oem4 (.text:GPIO_init)
                  0100d280    000000c4                         : PWMTimerCC32XX.oem4 (.text:PWMTimerCC32XX_stop)
                  0100d344    000000c4     mqtt_client_app.obj (.text:_ZN41_INTERNAL_19_mqtt_client_app_cpp_9b99db7711LIDARThreadEPv)
                  0100d408    000000c4     RPLidar.obj (.text:_ZN7RPLidarC1Ev)
                  0100d4cc    000000c4     freertos_builds_CC3220SF_LAUNCHXL_release_ccs.lib : tasks.obj (.text:prvAddNewTaskToReadyList)
                  0100d590    000000c0     mqtt_release.a : mqttclient.oem4 (.text:MqttClientSub)
                  0100d650    000000c0     simplelink.a : cc_pal.obj (.text:NwpPowerOff)
                  0100d710    000000c0     drivers_cc32xx.aem4 : PowerCC32XX.oem4 (.text:restoreParkedPins)
                  0100d7d0    000000c0     simplelink.a : netcfg.obj (.text:sl_NetCfgGet)
                  0100d890    000000c0     freertos_builds_CC3220SF_LAUNCHXL_release_ccs.lib : port.obj (.text:xPortStartScheduler)
                  0100d950    000000be                                                       : queue.obj (.text:prvCopyDataToQueue)
                  0100da0e    00000002     --HOLE-- [fill = 0]
                  0100da10    000000bc     simplelink.a : netapp.obj (.text:_SlNetAppSendResponse)
                  0100dacc    000000bc     mqtt_release.a : client_core.oem4 (.text:clCtxConnStateTryLocked)
                  0100db88    000000bc     freertos_builds_CC3220SF_LAUNCHXL_release_ccs.lib : heap_4.obj (.text:prvHeapInit)
                  0100dc44    000000bc                                                       : timers.obj (.text:prvSwitchTimerLists)
                  0100dd00    000000bc     simplelink.a : sl_socket.obj (.text:sl_Send)
                  0100ddbc    000000ba     drivers_cc32xx.aem4 : UARTCC32XX.oem4 (.text:UARTCC32XX_readPolling)
                  0100de76    00000002     --HOLE-- [fill = 0]
                  0100de78    000000ba     freertos_builds_CC3220SF_LAUNCHXL_release_ccs.lib : portasm.obj (.text)
                  0100df32    00000002     --HOLE-- [fill = 0]
                  0100df34    000000b8     drivers_cc32xx.aem4 : PWMTimerCC32XX.oem4 (.text:PWMTimerCC32XX_setDuty)
                  0100dfec    000000b8                         : UARTCC32XXDMA.oem4 (.text:UARTCC32XXDMA_configDMA)
                  0100e0a4    000000b8     simplelink.a : netapp.obj (.text:_SlNetAppHandleAsync_DnsGetHostByName)
                  0100e15c    000000b8                  : netapp.obj (.text:_SlNetAppHandleAsync_PingResponse)
                  0100e214    000000b8     drivers_cc32xx.aem4 : UARTCC32XX.oem4 (.text:initHw)
                  0100e2cc    000000b8     simplelink.a : device.obj (.text:sl_DeviceGet)
                  0100e384    000000b8                  : wlan.obj (.text:sl_WlanGet)
                  0100e43c    000000b8     freertos_builds_CC3220SF_LAUNCHXL_release_ccs.lib : timer.obj (.text:timer_create)
                  0100e4f4    000000b8                                                       : queue.obj (.text:xQueueGenericReset)
                  0100e5ac    000000b6     drivers_cc32xx.aem4 : UARTCC32XX.oem4 (.text:readTaskCallback)
                  0100e662    00000002     --HOLE-- [fill = 0]
                  0100e664    000000b4     mqtt_release.a : mqttclient.oem4 (.text:MqttClient_send)
                  0100e718    000000b4     drivers_cc32xx.aem4 : UARTCC32XXDMA.oem4 (.text:UARTCC32XXDMA_hwiIntFxn)
                  0100e7cc    000000b4     simplelink.a : driver.obj (.text:_SlDrvHandleFatalError)
                  0100e880    000000b4                  : netutil.obj (.text:_SlNetUtilHandleAsync_Cmd)
                  0100e934    000000b4     freertos_builds_CC3220SF_LAUNCHXL_release_ccs.lib : clock.obj (.text:_clock_abstime2ticks)
                  0100e9e8    000000b4     simplelink.a : sl_socket.obj (.text:sl_GetSockOpt)
                  0100ea9c    000000b1     rtsv7M4_T_le_eabi.lib : _printfi.c.obj (.text:_ltostr)
                  0100eb4d    00000003     --HOLE-- [fill = 0]
                  0100eb50    000000b0     slnetifwifi.a : slnetifwifi.obj (.text:SlNetIfWifi_getSockOpt)
                  0100ec00    000000b0     freertos_builds_CC3220SF_LAUNCHXL_release_ccs.lib : tasks.obj (.text:prvAddCurrentTaskToDelayedList)
                  0100ecb0    000000b0                                                       : tasks.obj (.text:xTaskCheckForTimeOut)
                  0100ed60    000000ae     slnetifwifi.a : slnetifwifi.obj (.text:matchModeByRole)
                  0100ee0e    000000ae     freertos_builds_CC3220SF_LAUNCHXL_release_ccs.lib : queue.obj (.text:prvUnlockQueue)
                  0100eebc    000000ae     drivers_cc32xx.aem4 : UARTCC32XX.oem4 (.text:readIsrTextBlocking)
                  0100ef6a    00000002     --HOLE-- [fill = 0]
                  0100ef6c    000000ac     simplelink.a : sl_socket.obj (.text:_SlSocketHandleAsync_Close)
                  0100f018    000000ac                  : sl_socket.obj (.text:_SlSocketHandleAsync_Connect)
                  0100f0c4    000000ac     freertos_builds_CC3220SF_LAUNCHXL_release_ccs.lib : clock.obj (.text:clock_gettime)
                  0100f170    000000aa     uart_term.obj (.text:Report)
                  0100f21a    00000002     --HOLE-- [fill = 0]
                  0100f21c    000000a8     driverlib.a : interrupt.obj (.text:IntDisable)
                  0100f2c4    000000a8                 : interrupt.obj (.text:IntEnable)
                  0100f36c    000000a8     network_if.obj (.text:Network_IF_IpConfigGet)
                  0100f414    000000a8     driverlib.a : prcm.obj (.text:PRCMPeripheralClockGet)
                  0100f4bc    000000a8     drivers_cc32xx.aem4 : PowerCC32XX.oem4 (.text:PowerCC32XX_configureWakeup)
                  0100f564    000000a8     freertos_builds_CC3220SF_LAUNCHXL_release_ccs.lib : heap_4.obj (.text:prvInsertBlockIntoFreeList)
                  0100f60c    000000a8     drivers_cc32xx.aem4 : UARTCC32XX.oem4 (.text:readTaskBlocking)
                  0100f6b4    000000a8     simplelink.a : fs.obj (.text:sl_FsClose)
                  0100f75c    000000a8     freertos_builds_CC3220SF_LAUNCHXL_release_ccs.lib : heap_4.obj (.text:vPortFree)
                  0100f804    000000a8                                                       : tasks.obj (.text:xTaskRemoveFromEventList)
                  0100f8ac    000000a6     simplelink.a : driver.obj (.text:_SlDrvIsTimeoutExpired)
                  0100f952    00000002     --HOLE-- [fill = 0]
                  0100f954    000000a4     mqtt_release.a : mqttclient.oem4 (.text:MQTTClient_create)
                  0100f9f8    000000a4                    : mqttclient.oem4 (.text:MqttClientConfig)
                  0100fa9c    000000a4     drivers_cc32xx.aem4 : PWMTimerCC32XX.oem4 (.text:initHw)
                  0100fb40    000000a4     simplelink.a : sl_socket.obj (.text:sl_Bind)
                  0100fbe4    000000a2     drivers_cc32xx.aem4 : UARTCC32XX.oem4 (.text:readIsrTextCallback)
                  0100fc86    000000a2                         : UARTCC32XX.oem4 (.text:writeData)
                  0100fd28    000000a0     freertos_builds_CC3220SF_LAUNCHXL_release_ccs.lib : ClockP_freertos.obj (.text:ClockP_create)
                  0100fdc8    000000a0     simplelink.a : fs.obj (.text:FsGetCreateFsMode)
                  0100fe68    000000a0                  : sl_socket.obj (.text:_SlDrvUnRegisterForSelectAsync)
                  0100ff08    000000a0                  : driver.obj (.text:_SlSpawnMsgListProcess)
                  0100ffa8    0000009e                  : cc_pal.obj (.text:spi_Read)
                  01010046    0000009e                  : cc_pal.obj (.text:spi_Write)
                  010100e4    0000009c     mqtt_release.a : client_core.oem4 (.text:MQTTClientCore_initLib)
                  01010180    0000009c                    : client_core.oem4 (.text:MQTTClientCore_sendPubMsg)
                  0101021c    0000009c                    : client_core.oem4 (.text:_msgDispatch)
                  010102b8    0000009c     rtsv7M4_T_le_eabi.lib : memcpy_t2.asm.obj (.text)
                  01010354    0000009a     mqtt_release.a : client_core.oem4 (.text:procPubMsgRx)
                  010103ee    00000002     --HOLE-- [fill = 0]
                  010103f0    00000098     drivers_cc32xx.aem4 : PWMTimerCC32XX.oem4 (.text:PWMTimerCC32XX_setPeriod)
                  01010488    00000098     uart_term.obj (.text:TrimSpace)
                  01010520    00000098     RPLidar.obj (.text:_ZN7RPLidar9startScanEbj)
                  010105b8    00000098     drivers_cc32xx.aem4 : GPIOCC32XX.oem4 (.text:powerNotifyFxn)
                  01010650    00000096     mqtt_release.a : mqtt_net_func.oem4 (.text:MQTTNet_tcpSelect)
                  010106e6    00000096     rtsv7M4_T_le_eabi.lib : ull_div_t2.asm.obj (.text)
                  0101077c    00000094     simplelink.a : cc_pal.obj (.text:Semaphore_pend_handle)
                  01010810    00000094     drivers_cc32xx.aem4 : SPICC32XXDMA.oem4 (.text:initHw)
                  010108a4    00000094     freertos_builds_CC3220SF_LAUNCHXL_release_ccs.lib : tasks.obj (.text:vTaskStartScheduler)
                  01010938    00000092     slnetsock_release.a : slnetsock.oem4 (.text:SlNetSock_create)
                  010109ca    00000092     rtsv7M4_T_le_eabi.lib : fs_div_t2.asm.obj (.text)
                  01010a5c    00000090     slnetsock_release.a : slnetsock.oem4 (.text:SlNetSock_getVirtualSdConf)
                  01010aec    00000090     simplelink.a : device.obj (.text:_SlDeviceHandleAsync_Stop)
                  01010b7c    00000090                  : sl_socket.obj (.text:_SlSocketHandleAsync_Accept)
                  01010c0c    00000090     mqtt_release.a : mqttclient.oem4 (.text:processPublishRxCB)
                  01010c9c    00000090     drivers_cc32xx.aem4 : PowerCC32XX.oem4 (.text:restoreNVICRegs)
                  01010d2c    0000008d     mqtt_client_app.obj (.text:_ZN41_INTERNAL_19_mqtt_client_app_cpp_9b99db7713DisplayBannerEPc)
                  01010db9    00000003     --HOLE-- [fill = 0]
                  01010dbc    0000008c     mqtt_release.a : client_core.oem4 (.text:MQTTClientCore_createCtx)
                  01010e48    0000008c     slnetsock_release.a : slnetsock.oem4 (.text:SlNetSock_accept)
                  01010ed4    0000008c     drivers_cc32xx.aem4 : UARTCC32XXDMA.oem4 (.text:UARTCC32XXDMA_write)
                  01010f60    0000008c     simplelink.a : driver.obj (.text:_SlDrvDriverIsApiAllowed)
                  01010fec    0000008c     freertos_builds_CC3220SF_LAUNCHXL_release_ccs.lib : clock.obj (.text:_clock_gettimeMono)
                  01011078    0000008c     simplelink.a : sl_socket.obj (.text:sl_Recv)
                  01011104    00000088     drivers_cc32xx.aem4 : PWMTimerCC32XX.oem4 (.text:PWMTimerCC32XX_close)
                  0101118c    00000088     driverlib.a : pin.obj (.text:PinConfigSet)
                  01011214    00000088     simplelink.a : driver.obj (.text:_SlDrvProtectAsyncRespSetting)
                  0101129c    00000088     freertos_builds_CC3220SF_LAUNCHXL_release_ccs.lib : mqueue.obj (.text:mq_receive)
                  01011324    00000088     mqtt_release.a : client_core.oem4 (.text:procConnackRx)
                  010113ac    00000088     freertos_builds_CC3220SF_LAUNCHXL_release_ccs.lib : timers.obj (.text:prvProcessTimerOrBlockTask)
                  01011434    00000088     simplelink.a : eventreg.obj (.text:sl_UnregisterLibsEventHandler)
                  010114bc    00000088     mqtt_release.a : client_core.oem4 (.text:wrConnectPayload)
                  01011544    00000086     rtsv7M4_T_le_eabi.lib : fd_cmp_t2.asm.obj (.text:__aeabi_cdcmple)
                  010115ca    00000086                           : fd_cmp_t2.asm.obj (.text:__aeabi_cdrcmple)
                  01011650    00000084     drivers_cc32xx.aem4 : PowerCC32XX.oem4 (.text:Power_init)
                  010116d4    00000084     slnetifwifi.a : slnetifwifi.obj (.text:SlNetIfWifi_sockstartSec)
                  01011758    00000084     slnetsock_release.a : slnetutils.oem4 (.text:SlNetUtil_getHostByName)
                  010117dc    00000084     mqtt_client_app.obj (.text:_Z16MqttClientThreadPv)
                  01011860    00000084     mqtt_release.a : client_core.oem4 (.text:mqpSetupProcCtxDataRecv)
                  010118e4    00000084     drivers_cc32xx.aem4 : PowerCC32XX.oem4 (.text:saveNVICRegs)
                  01011968    00000084     simplelink.a : sl_socket.obj (.text:sl_SetSockOpt)
                  010119ec    00000084     freertos_builds_CC3220SF_LAUNCHXL_release_ccs.lib : timers.obj (.text:xTimerGenericCommand)
                  01011a70    00000080     drivers_cc32xx.aem4 : PowerCC32XX.oem4 (.text:Power_setDependency)
                  01011af0    00000080                         : UARTCC32XXDMA.oem4 (.text:UARTCC32XXDMA_read)
                  01011b70    00000080     mqtt_release.a : client_core.oem4 (.text:clCtxPartSend)
                  01011bf0    00000080     freertos_builds_CC3220SF_LAUNCHXL_release_ccs.lib : timers.obj (.text:prvProcessExpiredTimer)
                  01011c70    00000080                                                       : timer.obj (.text:timer_gettime)
                  01011cf0    0000007c     drivers_cc32xx.aem4 : UDMACC32XX.oem4 (.text:UDMACC32XX_open)
                  01011d6c    0000007c     mqtt_release.a : client_core.oem4 (.text:procCtxDataRecv)
                  01011de8    0000007c     drivers_cc32xx.aem4 : UARTCC32XX.oem4 (.text:readIsrBinaryBlocking)
                  01011e64    0000007a                         : UARTCC32XXDMA.oem4 (.text:UARTCC32XXDMA_readPolling)
                  01011ede    0000007a     freertos_builds_CC3220SF_LAUNCHXL_release_ccs.lib : pthread.obj (.text:removeThreadKeys)
                  01011f58    0000007a     rtsv7M4_T_le_eabi.lib : memset_t2.asm.obj (.text)
                  01011fd2    0000007a     freertos_builds_CC3220SF_LAUNCHXL_release_ccs.lib : tasks.obj (.text:xTaskCreate)
                  0101204c    00000078     drivers_cc32xx.aem4 : GPIOCC32XX.oem4 (.text:GPIO_hwiIntFxn)
                  010120c4    00000078     mqtt_release.a : mqtt_net_func.oem4 (.text:MQTTNet_recvFrom)
                  0101213c    00000078     mqtt_client_app.obj (.text:_Z27pushButtonInterruptHandler3h)
                  010121b4    00000078     rtsv7M4_T_le_eabi.lib : vla_alloc.c.obj (.text:_ZN33_INTERNAL_11_vla_alloc_c_be8bd49b21free_dead_allocationsEPv)
                  0101222c    00000078                           : vla_alloc.c.obj (.text:__vla_dealloc)
                  010122a4    00000078     freertos_builds_CC3220SF_LAUNCHXL_release_ccs.lib : timers.obj (.text:prvInsertTimerInActiveList)
                  0101231c    00000078     drivers_cc32xx.aem4 : UARTCC32XX.oem4 (.text:readIsrBinaryCallback)
                  01012394    00000078     simplelink.a : sl_socket.obj (.text:sl_Socket)
                  0101240c    00000074     mqtt_release.a : mqtt_net_func.oem4 (.text:MQTTNet_tcpAccept)
                  01012480    00000074     slnetsock_release.a : slnetsock.oem4 (.text:SlNetSock_AllocVirtualSocket)
                  010124f4    00000074     drivers_cc32xx.aem4 : UARTCC32XX.oem4 (.text:UARTCC32XX_hwiIntFxn)
                  01012568    00000074     mqtt_release.a : client_core.oem4 (.text:groupCtxsRxPrep)
                  010125dc    00000074     freertos_builds_CC3220SF_LAUNCHXL_release_ccs.lib : tasks.obj (.text:prvInitialiseTaskLists)
                  01012650    00000074                                                       : pthread_mutex.obj (.text:pthread_mutex_init)
                  010126c4    00000074                                                       : port.obj (.text:vPortValidateInterruptPriority)
                  01012738    00000072     mqtt_release.a : mqtt_common.oem4 (.text:MQTT_packetProcPubRx)
                  010127aa    00000002     --HOLE-- [fill = 0]
                  010127ac    00000070     simplelink.a : driver.obj (.text:_SlDrvCmdSend_noLock)
                  0101281c    00000070     freertos_builds_CC3220SF_LAUNCHXL_release_ccs.lib : ClockP_freertos.obj (.text:setClockObjTimeout)
                  0101288c    0000006e     rtsv7M4_T_le_eabi.lib : _printfi.c.obj (.text:_mcpy)
                  010128fa    00000002     --HOLE-- [fill = 0]
                  010128fc    0000006c     mqtt_release.a : mqttclient.oem4 (.text:MQTTClient_run)
                  01012968    0000006c     slnetsock_release.a : slnetutils.oem4 (.text:SlNetUtil_str2BinIpV4)
                  010129d4    0000006c     simplelink.a : device.obj (.text:_SlDeviceHandleResetRequestInternally)
                  01012a40    0000006c                  : sl_socket.obj (.text:_SlDrvOpenCtrlSocket)
                  01012aac    0000006c                  : netapp.obj (.text:_SlNetAppSendTokenValue)
                  01012b18    0000006a     mqtt_release.a : mqtt_net_func.oem4 (.text:MQTTNet_sendTo)
                  01012b82    00000068                    : mqtt_common.oem4 (.text:MQTT_qos2PubCqUnlog)
                  01012bea    00000002     --HOLE-- [fill = 0]
                  01012bec    00000068     drivers_cc32xx.aem4 : PWMTimerCC32XX.oem4 (.text:PWMTimerCC32XX_start)
                  01012c54    00000068     simplelink.a : driver.obj (.text:_SlSpawnMsgListGetCount)
                  01012cbc    00000068     rtsv7M4_T_le_eabi.lib : copy_decompress_lzss.c.obj (.text:decompress:lzss:__TI_decompress_lzss)
                  01012d24    00000068     main_freertos.obj (.text:main)
                  01012d8c    00000068     simplelink.a : cc_pal.obj (.text:spi_Open)
                  01012df4    00000066     drivers_cc32xx.aem4 : UARTCC32XX.oem4 (.text:UARTCC32XX_writeCancel)
                  01012e5a    00000066     freertos_builds_CC3220SF_LAUNCHXL_release_ccs.lib : timers.obj (.text:prvInitialiseNewTimer)
                  01012ec0    00000066                                                       : memory.obj (.text:realloc)
                  01012f26    00000066                                                       : list.obj (.text:vListInsert)
                  01012f8c    00000064                                                       : ClockP_freertos.obj (.text:ClockP_stop)
                  01012ff0    00000064     drivers_cc32xx.aem4 : GPIOCC32XX.oem4 (.text:GPIO_toggle)
                  01013054    00000064     mqtt_release.a : mqtt_common.oem4 (.text:MQTT_packetPubAppendTopic)
                  010130b8    00000064     drivers_cc32xx.aem4 : PowerCC32XX.oem4 (.text:PowerCC32XX_setParkState)
                  0101311c    00000064     freertos_builds_CC3220SF_LAUNCHXL_release_ccs.lib : pthread_mutex.obj (.text:acquireMutex)
                  01013180    00000064     mqtt_release.a : client_core.oem4 (.text:clientReset)
                  010131e4    00000064                    : client_core.oem4 (.text:doNetClose)
                  01013248    00000064     freertos_builds_CC3220SF_LAUNCHXL_release_ccs.lib : tasks.obj (.text:prvGetExpectedIdleTime)
                  010132ac    00000062     drivers_cc32xx.aem4 : UARTCC32XX.oem4 (.text:UARTCC32XX_writePolling)
                  0101330e    00000002     --HOLE-- [fill = 0]
                  01013310    00000060     freertos_builds_CC3220SF_LAUNCHXL_release_ccs.lib : HwiPCC32XX_freertos.obj (.text:HwiP_create)
                  01013370    00000060     driverlib.a : prcm.obj (.text:PRCMSysResetCauseGet)
                  010133d0    00000060     slnetsock_release.a : slnetsock.oem4 (.text:SlNetSock_recvFrom)
                  01013430    00000060                         : slnetsock.oem4 (.text:SlNetSock_sendTo)
                  01013490    00000060     drivers_cc32xx.aem4 : UARTCC32XXDMA.oem4 (.text:UARTCC32XXDMA_control)
                  010134f0    00000060     rtsv7M4_T_le_eabi.lib : fs_cmp_t2.asm.obj (.text:__aeabi_cfcmple)
                  01013550    00000060     freertos_builds_CC3220SF_LAUNCHXL_release_ccs.lib : pthread_mutex.obj (.text:pthread_mutex_unlock)
                  010135b0    00000060                                                       : queue.obj (.text:xQueueGenericCreate)
                  01013610    0000005e     slnetifwifi.a : slnetifwifi.obj (.text:SlNetIfWifi_setSockOpt)
                  0101366e    0000005e     freertos_builds_CC3220SF_LAUNCHXL_release_ccs.lib : semaphore.obj (.text:sem_timedwait)
                  010136cc    0000005c     drivers_cc32xx.aem4 : GPIOCC32XX.oem4 (.text:GPIO_setCallback)
                  01013728    0000005c     mqtt_release.a : mqtt_net_func.oem4 (.text:MQTTNet_tcpListen)
                  01013784    0000005c     simplelink.a : spawn.obj (.text:_SlInternalSpawn)
                  010137e0    0000005c     freertos_builds_CC3220SF_LAUNCHXL_release_ccs.lib : memory.obj (.text:calloc)
                  0101383c    0000005c     rtsv7M4_T_le_eabi.lib : s_frexp.c.obj (.text:frexp)
                  01013898    0000005c     freertos_builds_CC3220SF_LAUNCHXL_release_ccs.lib : tasks.obj (.text:prvIdleTask)
                  010138f4    0000005c                                                       : pthread.obj (.text:pthread_exit)
                  01013950    0000005c                                                       : queue.obj (.text:vQueueWaitForMessageRestricted)
                  010139ac    0000005c                                                       : tasks.obj (.text:vTaskDelay)
                  01013a08    00000058     drivers_cc32xx.aem4 : GPIOCC32XX.oem4 (.text:GPIO_write)
                  01013a60    00000058     driverlib.a : interrupt.obj (.text:IntPendClear)
                  01013ab8    00000058                 : prcm.obj (.text:PRCMPeripheralReset)
                  01013b10    00000058     drivers_cc32xx.aem4 : PowerCC32XX.oem4 (.text:Power_releaseDependency)
                  01013b68    00000058     slnetsock_release.a : slnetsock.oem4 (.text:SlNetSock_recv)
                  01013bc0    00000058                         : slnetsock.oem4 (.text:SlNetSock_send)
                  01013c18    00000058     simplelink.a : sl_socket.obj (.text:_SlDrvClearCtrlSocket)
                  01013c70    00000058     mqtt_release.a : client_core.oem4 (.text:clRecv)
                  01013cc8    00000058     freertos_builds_CC3220SF_LAUNCHXL_release_ccs.lib : tasks.obj (.text:eTaskConfirmSleepModeStatus)
                  01013d20    00000058     mqtt_release.a : client_core.oem4 (.text:singleCtxKaSequence)
                  01013d78    00000058     simplelink.a : sl_socket.obj (.text:sl_Listen)
                  01013dd0    00000058                  : eventreg.obj (.text:sl_RegisterLibsEventHandler)
                  01013e28    00000058     freertos_builds_CC3220SF_LAUNCHXL_release_ccs.lib : port.obj (.text:vPortSetupTimerInterrupt)
                  01013e80    00000058                                                       : queue.obj (.text:xQueueCreateCountingSemaphore)
                  01013ed8    00000058                                                       : queue.obj (.text:xQueueTakeMutexRecursive)
                  01013f30    00000056     mqtt_release.a : mqtt_common.oem4 (.text:MQTT_packetPubAppendData)
                  01013f86    00000056     freertos_builds_CC3220SF_LAUNCHXL_release_ccs.lib : SemaphoreP_freertos.obj (.text:SemaphoreP_create)
                  01013fdc    00000056     rtsv7M4_T_le_eabi.lib : _printfi.c.obj (.text:_pconv_f)
                  01014032    00000056     mqtt_release.a : client_core.oem4 (.text:procAckMsgRx)
                  01014088    00000054     freertos_builds_CC3220SF_LAUNCHXL_release_ccs.lib : ClockP_freertos.obj (.text:ClockP_delete)
                  010140dc    00000054     uart_term.obj (.text:InitTerm)
                  01014130    00000054     driverlib.a : interrupt.obj (.text:IntPrioritySet)
                  01014184    00000054     mqtt_release.a : client_core.oem4 (.text:MQTTClientCore_sendDisconn)
                  010141d8    00000054     simplelink.a : driver.obj (.text:_SlDrvRxIrqHandler)
                  0101422c    00000054     mqtt_release.a : client_core.oem4 (.text:grpNetSetupCreate)
                  01014280    00000054     rtsv7M4_T_le_eabi.lib : ltoa.c.obj (.text:ltoa)
                  010142d4    00000054     drivers_cc32xx.aem4 : UARTCC32XX.oem4 (.text:ringBufGet)
                  01014328    00000054     freertos_builds_CC3220SF_LAUNCHXL_release_ccs.lib : timers.obj (.text:xTimerCreateTimerTask)
                  0101437c    00000052     drivers_cc32xx.aem4 : PowerCC32XX_asm.oem4 (.text:PowerCC32XX_resumeLPDS)
                  010143ce    00000052     rtsv7M4_T_le_eabi.lib : _printfi.c.obj (.text:_ecpy)
                  01014420    00000050     simplelink.a : cc_pal.obj (.text:NwpRegisterInterruptHandler)
                  01014470    00000050     slnetsock_release.a : slnetif.oem4 (.text:SlNetIf_queryIf)
                  010144c0    00000050     drivers_cc32xx.aem4 : TimerCC32XX.oem4 (.text:TimerCC32XX_allocateTimerResource)
                  01014510    00000050                         : UARTCC32XXDMA.oem4 (.text:UARTCC32XXDMA_writePolling)
                  01014560    00000050     simplelink.a : sl_socket.obj (.text:_SlDrvCloseCtrlSocket)
                  010145b0    00000050                  : driver.obj (.text:_SlDrvCmdSend_noWait)
                  01014600    00000050                  : driver.obj (.text:_SlDrvUpdateApiInProgress)
                  01014650    00000050                  : spawn.obj (.text:_SlInternalSpawnTaskEntry)
                  010146a0    00000050                  : eventreg.obj (.text:_SlNetAppHttpServerHdlr)
                  010146f0    00000050                  : eventreg.obj (.text:_SlNetAppRequestHdlr)
                  01014740    00000050     mqtt_release.a : client_core.oem4 (.text:_procAckMsgRx)
                  01014790    00000050     freertos_builds_CC3220SF_LAUNCHXL_release_ccs.lib : port.obj (.text:pxPortInitialiseStack)
                  010147e0    00000050                                                       : semaphore.obj (.text:sem_init)
                  01014830    00000050                                                       : queue.obj (.text:xQueueGiveMutexRecursive)
                  01014880    0000004e     mqtt_release.a : client_core.oem4 (.text:MQTTClientCore_registerWillInfo)
                  010148ce    0000004e     drivers_cc32xx.aem4 : UARTCC32XXDMA.oem4 (.text:writeCancel)
                  0101491c    0000004c                         : GPIOCC32XX.oem4 (.text:GPIO_disableInt)
                  01014968    0000004c                         : GPIOCC32XX.oem4 (.text:GPIO_enableInt)
                  010149b4    0000004c     simplelink.a : cc_pal.obj (.text:NwpWaitForShutDownInd)
                  01014a00    0000004c     drivers_cc32xx.aem4 : PowerCC32XX.oem4 (.text:PowerCC32XX_parkPin)
                  01014a4c    0000004c     slnetifwifi.a : slnetifwifi.obj (.text:SlNetIfWifi_getConnectionStatus)
                  01014a98    0000004c     slnetsock_release.a : slnetsock.oem4 (.text:SlNetSock_freeVirtualSocket)
                  01014ae4    0000004c                         : slnetsock.oem4 (.text:SlNetSock_startSec)
                  01014b30    0000004c     mqtt_release.a : client_core.oem4 (.text:ack1WlMqpDispatch)
                  01014b7c    0000004c     rtsv7M4_T_le_eabi.lib : atoi.c.obj (.text:atoi)
                  01014bc8    0000004c     drivers_cc32xx.aem4 : PWMTimerCC32XX.oem4 (.text:getDutyCounts)
                  01014c14    0000004c                         : PWMTimerCC32XX.oem4 (.text:getPeriodCounts)
                  01014c60    0000004c     freertos_builds_CC3220SF_LAUNCHXL_release_ccs.lib : startup_cc32xx_ccs.obj (.text:initVectors)
                  01014cac    0000004c     mqtt_release.a : client_core.oem4 (.text:loopbTrigger)
                  01014cf8    0000004c     freertos_builds_CC3220SF_LAUNCHXL_release_ccs.lib : timers.obj (.text:prvCheckForValidListAndQueue)
                  01014d44    0000004c                                                       : tasks.obj (.text:prvCheckTasksWaitingTermination)
                  01014d90    0000004c     drivers_cc32xx.aem4 : PowerCC32XX.oem4 (.text:restorePeriphClocks)
                  01014ddc    0000004c     mqtt_release.a : client_core.oem4 (.text:singleCtxRxPrep)
                  01014e28    0000004c     simplelink.a : wlan.obj (.text:sl_WlanSetMode)
                  01014e74    0000004c     freertos_builds_CC3220SF_LAUNCHXL_release_ccs.lib : port.obj (.text:vPortEnterCritical)
                  01014ec0    0000004c                                                       : tasks.obj (.text:vTaskSetThreadLocalStoragePointer)
                  01014f0c    0000004a     mqtt_release.a : client_core.oem4 (.text:clCtxRecv)
                  01014f56    0000004a     drivers_cc32xx.aem4 : UARTCC32XXDMA.oem4 (.text:readCancel)
                  01014fa0    00000048     driverlib.a : flash.obj (.text:FlashDisable)
                  01014fe8    00000048     freertos_builds_CC3220SF_LAUNCHXL_release_ccs.lib : HwiPCC32XX_freertos.obj (.text:HwiP_dispatch)
                  01015030    00000048     mqtt_release.a : mqttclient.oem4 (.text:MQTTClient_set)
                  01015078    00000048     client_cbs.obj (.text:MQTT_SendMsgToQueue)
                  010150c0    00000048     driverlib.a : prcm.obj (.text:PRCMLPDSEnter)
                  01015108    00000048                 : prcm.obj (.text:PRCMPeripheralClkEnable)
                  01015150    00000048     drivers_cc32xx.aem4 : PowerCC32XX.oem4 (.text:Power_releaseConstraint)
                  01015198    00000048     slnetsock_release.a : slnetsock.oem4 (.text:SlNetSock_connect)
                  010151e0    00000048                         : slnetsock.oem4 (.text:SlNetSock_init)
                  01015228    00000048                         : slnetsock.oem4 (.text:SlNetSock_setOpt)
                  01015270    00000048     simplelink.a : eventreg.obj (.text:_SlDeviceFatalErrorEvtHdlr)
                  010152b8    00000048                  : eventreg.obj (.text:_SlDeviceGeneralEvtHdlr)
                  01015300    00000048                  : driver.obj (.text:_SlDrvBasicCmd)
                  01015348    00000048                  : driver.obj (.text:_SlDrvSyncObjWaitTimeout)
                  01015390    00000048                  : eventreg.obj (.text:_SlNetAppEvtHdlr)
                  010153d8    00000048                  : eventreg.obj (.text:_SlNetAppRequestMemFree)
                  01015420    00000048                  : eventreg.obj (.text:_SlSockEvtHdlr)
                  01015468    00000048                  : eventreg.obj (.text:_SlWlanEvtHdlr)
                  010154b0    00000048     mqtt_client_app.obj (.text:_Z20LedTimerConfigNStartv)
                  010154f8    00000048     mqtt_release.a : client_core.oem4 (.text:bufUTF8WrTry)
                  01015540    00000048                    : client_core.oem4 (.text:clCtxSetup)
                  01015588    00000048     rtsv7M4_T_le_eabi.lib : fd_toi_t2.asm.obj (.text)
                  010155d0    00000048     freertos_builds_CC3220SF_LAUNCHXL_release_ccs.lib : sleep.obj (.text:sleep)
                  01015618    00000048                                                       : list.obj (.text:uxListRemove)
                  01015660    00000048     mqtt_release.a : client_core.oem4 (.text:wrConnectVh)
                  010156a8    00000046     drivers_cc32xx.aem4 : RingBuf.oem4 (.text:RingBuf_put)
                  010156ee    00000046     RPLidar.obj (.text:_ZN7RPLidar11cleanBufferEv)
                  01015734    00000044     mqtt_release.a : client_core.oem4 (.text:MQTTClientCore_run)
                  01015778    00000044                    : mqtt_net_func.oem4 (.text:MQTTNet_tcpRecv)
                  010157bc    00000044     driverlib.a : prcm.obj (.text:PRCMLPDSRestoreInfoSet)
                  01015800    00000044     drivers_cc32xx.aem4 : PWM.oem4 (.text:PWM_init)
                  01015844    00000044                         : PowerCC32XX_asm.oem4 (.text:PowerCC32XX_enterLPDS)
                  01015888    00000044                         : SPI.oem4 (.text:SPI_init)
                  010158cc    00000044     slnetsock_release.a : slnetutils.oem4 (.text:SlNetUtil_strTok)
                  01015910    00000044     drivers_cc32xx.aem4 : UART.oem4 (.text:UART_init)
                  01015954    00000044     mqtt_client_app.obj (.text:_Z23ti_net_SlNet_initConfigv)
                  01015998    00000044     rtsv7M4_T_le_eabi.lib : autoinit.c.obj (.text:__TI_auto_init_nobinit_nopinit:__TI_auto_init_nobinit_nopinit)
                  010159dc    00000044     freertos_builds_CC3220SF_LAUNCHXL_release_ccs.lib : queue.obj (.text:prvInitialiseNewQueue)
                  01015a20    00000044                                                       : tasks.obj (.text:vTaskStepTick)
                  01015a64    00000044     mqtt_release.a : client_core.oem4 (.text:vhMsgSend)
                  01015aa8    00000042                    : mqtt_common.oem4 (.text:MQTT_packetBufRdRemlen)
                  01015aea    00000042     freertos_builds_CC3220SF_LAUNCHXL_release_ccs.lib : memory.obj (.text:malloc)
                  01015b2c    00000040     simplelink.a : sl_socket.obj (.text:CountSetBits)
                  01015b6c    00000040     network_if.obj (.text:InitializeAppVariables)
                  01015bac    00000040     mqtt_release.a : client_core.oem4 (.text:MQTTClientCore_registerCtxInfo)
                  01015bec    00000040     drivers_cc32xx.aem4 : PWM.oem4 (.text:PWM_open)
                  01015c2c    00000040     driverlib.a : pin.obj (.text:PinModeSet)
                  01015c6c    00000040     drivers_cc32xx.aem4 : RingBuf.oem4 (.text:RingBuf_get)
                  01015cac    00000040                         : SPI.oem4 (.text:SPI_open)
                  01015cec    00000040     network_if.obj (.text:SimpleLinkGeneralEventHandler)
                  01015d2c    00000040     slnetsock_release.a : slnetsock.oem4 (.text:SlNetSock_bind)
                  01015d6c    00000040                         : slnetsock.oem4 (.text:SlNetSock_secAttribSet)
                  01015dac    00000040     drivers_cc32xx.aem4 : UARTCC32XX.oem4 (.text:UARTCC32XX_read)
                  01015dec    00000040                         : UART.oem4 (.text:UART_open)
                  01015e2c    00000040                         : UDMACC32XX.oem4 (.text:UDMACC32XX_init)
                  01015e6c    00000040     simplelink.a : driver.obj (.text:_SlDrvGlobalObjUnLock)
                  01015eac    00000040                  : driver.obj (.text:_SlFindAndReleasePendingCmd)
                  01015eec    00000040                  : spawn.obj (.text:_SlInternalSpawnWaitForEvent)
                  01015f2c    00000040                  : eventreg.obj (.text:_SlIsEventRegistered)
                  01015f6c    00000040     mqtt_client_app.obj (.text:_Z27pushButtonInterruptHandler2h)
                  01015fac    00000040     freertos_builds_CC3220SF_LAUNCHXL_release_ccs.lib : aeabi_portable.obj (.text:__aeabi_errno_addr)
                  01015fec    00000040     mqtt_release.a : mqttclient.oem4 (.text:_sl_ExtLib_ServerAckLockedWait)
                  0101602c    00000040                    : client_core.oem4 (.text:netConnect)
                  0101606c    00000040     freertos_builds_CC3220SF_LAUNCHXL_release_ccs.lib : tasks.obj (.text:vTaskPlaceOnEventListRestricted)
                  010160ac    00000040     rtsv7M4_T_le_eabi.lib : vsnprintf.c.obj (.text:vsnprintf)
                  010160ec    0000003e     freertos_builds_CC3220SF_LAUNCHXL_release_ccs.lib : ClockP_freertos.obj (.text:ClockP_callbackFxn)
                  0101612a    0000003e     mqtt_release.a : mqtt_common.oem4 (.text:MQTT_packetAckWlistRemove)
                  01016168    0000003e                    : mqtt_common.oem4 (.text:MQTT_packetBufTailWrRemlen)
                  010161a6    0000003e     slnetsock_release.a : slnetsock.oem4 (.text:SlNetSock_close)
                  010161e4    0000003e     simplelink.a : sl_socket.obj (.text:_SlSocketBuildAddress)
                  01016222    0000003e     rtsv7M4_T_le_eabi.lib : _printfi.c.obj (.text:_fcpy)
                  01016260    0000003e     mqtt_release.a : client_core.oem4 (.text:clCtxSeg1Send)
                  0101629e    0000003e                    : client_core.oem4 (.text:procPingrspRx)
                  010162dc    0000003e     freertos_builds_CC3220SF_LAUNCHXL_release_ccs.lib : pthread.obj (.text:pthread_setcancelstate)
                  0101631a    0000003e                                                       : semaphore.obj (.text:sem_post)
                  01016358    0000003c     mqtt_release.a : client_core.oem4 (.text:MQTTClientCore_registerBuffers)
                  01016394    0000003c                    : mqttclient.oem4 (.text:MQTTClient_disconnect)
                  010163d0    0000003c                    : mqtt_common.oem4 (.text:MQTT_qos2PubCqCheck)
                  0101640c    0000003c     network_if.obj (.text:Network_IF_DisconnectFromAP)
                  01016448    0000003c     driverlib.a : prcm.obj (.text:PRCMSlowClkCtrFastGet)
                  01016484    0000003c     drivers_cc32xx.aem4 : PowerCC32XX.oem4 (.text:Power_setConstraint)
                  010164c0    0000003c     simplelink.a : netapp.obj (.text:_SlNetAppCopyPingResultsToReport)
                  010164fc    0000003c     RPLidar.obj (.text:_ZN7RPLidar5beginEv)
                  01016538    0000003c     mqtt_release.a : mqttclient.oem4 (.text:processDisconnCB)
                  01016574    0000003c     freertos_builds_CC3220SF_LAUNCHXL_release_ccs.lib : queue.obj (.text:prvCopyDataFromQueue)
                  010165b0    0000003c                                                       : tasks.obj (.text:prvResetNextTaskUnblockTime)
                  010165ec    0000003c                                                       : tasks.obj (.text:pvTaskGetThreadLocalStoragePointer)
                  01016628    0000003c     mqtt_release.a : client_core.oem4 (.text:singleCtxRxPrepLocked)
                  01016664    0000003c                    : client_core.oem4 (.text:tailIncorpMsgID)
                  010166a0    0000003c     freertos_builds_CC3220SF_LAUNCHXL_release_ccs.lib : timer.obj (.text:timespecToTicks)
                  010166dc    0000003c     simplelink.a : sl_socket.obj (.text:to_mSec)
                  01016718    0000003c     freertos_builds_CC3220SF_LAUNCHXL_release_ccs.lib : sleep.obj (.text:usleep)
                  01016754    0000003c                                                       : list.obj (.text:vListInsertEnd)
                  01016790    0000003c                                                       : timers.obj (.text:xTimerCreate)
                  010167cc    0000003a     slnetifwifi.a : slnetifwifi.obj (.text:SlNetIfWifi_getIPAddr)
                  01016806    0000003a     freertos_builds_CC3220SF_LAUNCHXL_release_ccs.lib : timer.obj (.text:callbackFxn)
                  01016840    0000003a     drivers_cc32xx.aem4 : PWMTimerCC32XX.oem4 (.text:getPowerMgrId)
                  0101687a    0000003a     mqtt_release.a : mqtt_common.oem4 (.text:mqpProcVhMsgIdRx)
                  010168b4    00000038                    : client_core.oem4 (.text:MQTTClientCore_registerNetSvc)
                  010168ec    00000038                    : mqtt_common.oem4 (.text:MQTT_qos2PubCqLogup)
                  01016924    00000038     driverlib.a : prcm.obj (.text:PRCMLPDSEnterKeepDebugIf)
                  0101695c    00000038     slnetifwifi.a : slnetifwifi.obj (.text:SlNetIfWifi_recvFrom)
                  01016994    00000038                   : slnetifwifi.obj (.text:SlNetIfWifi_sendTo)
                  010169cc    00000038                   : slnetifwifi.obj (.text:SlNetIfWifi_socket)
                  01016a04    00000038     slnetsock_release.a : slnetif.oem4 (.text:SlNetIf_configCheck)
                  01016a3c    00000038                         : slnetsock.oem4 (.text:SlNetSock_listen)
                  01016a74    00000038                         : slnetutils.oem4 (.text:SlNetUtil_htonl)
                  01016aac    00000038     RPLidar.obj (.text:_ZN7RPLidar17_handleUartBufferEv)
                  01016ae4    00000038     mqtt_release.a : client_core.oem4 (.text:mqpAllocAtomic)
                  01016b1c    00000038                    : client_core.oem4 (.text:netRecv)
                  01016b54    00000038     drivers_cc32xx.aem4 : PowerCC32XX.oem4 (.text:notify)
                  01016b8c    00000038     freertos_builds_CC3220SF_LAUNCHXL_release_ccs.lib : timers.obj (.text:prvGetNextExpireTime)
                  01016bc4    00000038                                                       : port.obj (.text:prvTaskExitError)
                  01016bfc    00000038     rtsv7M4_T_le_eabi.lib : fs_tod_t2.asm.obj (.text)
                  01016c34    00000038                           : i_tofs_t2.asm.obj (.text)
                  01016c6c    00000038     drivers_cc32xx.aem4 : UARTCC32XXDMA.oem4 (.text:startTxFifoEmptyClk)
                  01016ca4    00000036     mqtt_release.a : mqtt_common.oem4 (.text:MQTT_packetPrepFh)
                  01016cda    00000036     slnetifwifi.a : slnetifwifi.obj (.text:SlNetIfWifi_getHostByName)
                  01016d10    00000036                   : slnetifwifi.obj (.text:SlNetIfWifi_select)
                  01016d46    00000036     drivers_cc32xx.aem4 : UARTCC32XX.oem4 (.text:UARTCC32XX_readCancel)
                  01016d7c    00000036     mqtt_release.a : client_core.oem4 (.text:_procPubRecRx)
                  01016db2    00000036     rtsv7M4_T_le_eabi.lib : strncpy.c.obj (.text:strncpy)
                  01016de8    00000034     driverlib.a : pin.obj (.text:PinModeGet)
                  01016e1c    00000034     drivers_cc32xx.aem4 : PowerCC32XX.oem4 (.text:PowerCC32XX_restoreParkState)
                  01016e50    00000034     freertos_builds_CC3220SF_LAUNCHXL_release_ccs.lib : SemaphoreP_freertos.obj (.text:SemaphoreP_pend)
                  01016e84    00000034     slnetsock_release.a : slnetutils.oem4 (.text:SlNetUtil_htons)
                  01016eb8    00000034     drivers_cc32xx.aem4 : TimerCC32XX.oem4 (.text:TimerCC32XX_freeTimerResource)
                  01016eec    00000034                         : UDMACC32XX.oem4 (.text:UDMACC32XX_close)
                  01016f20    00000034     mqtt_client_app.obj (.text:_ZNSt3__26__treeINS_12__value_typeIffEENS_19__map_value_compareIfS2_NS_4lessIfEELb1EEENS_9allocatorIS2_EEEC1ERKS6_)
                  01016f54    00000034     freertos_builds_CC3220SF_LAUNCHXL_release_ccs.lib : mqueue.obj (.text:findInList)
                  01016f88    00000034     drivers_cc32xx.aem4 : TimerCC32XX.oem4 (.text:getPowerMgrId)
                  01016fbc    00000034     mqtt_release.a : client_core.oem4 (.text:groupCtxsKaSequence)
                  01016ff0    00000034                    : client_core.oem4 (.text:mqpFreeLocked)
                  01017024    00000034                    : client_core.oem4 (.text:procLoopbackRecv)
                  01017058    00000034     freertos_builds_CC3220SF_LAUNCHXL_release_ccs.lib : timers.obj (.text:prvSampleTimeNow)
                  0101708c    00000034                                                       : tasks.obj (.text:vTaskPlaceOnEventList)
                  010170c0    00000034     drivers_cc32xx.aem4 : UARTCC32XXDMA.oem4 (.text:writeFinishedDoCallback)
                  010170f4    00000032     mqtt_release.a : mqtt_common.oem4 (.text:MQTT_clCtxTimeoutInsert)
                  01017126    00000032                    : client_core.oem4 (.text:connectedStateRx)
                  01017158    00000030     drivers_cc32xx.aem4 : PowerCC32XX.oem4 (.text:PowerCC32XX_restoreParkedPin)
                  01017188    00000030     simplelink.a : fs.obj (.text:_SlFsStrlen)
                  010171b8    00000030     mqtt_client_app.obj (.text:_Z11printBorderci)
                  010171e8    00000030     rtsv7M4_T_le_eabi.lib : vsnprintf.c.obj (.text:_outs)
                  01017218    00000030     mqtt_release.a : client_core.oem4 (.text:ack2MsgIdUnlog)
                  01017248    00000030                    : client_core.oem4 (.text:clientDescInit)
                  01017278    00000030                    : mqttclient.oem4 (.text:getAvailableClictxMem)
                  010172a8    00000030     freertos_builds_CC3220SF_LAUNCHXL_release_ccs.lib : list.obj (.text:vListInitialise)
                  010172d8    00000030                                                       : port.obj (.text:vPortExitCritical)
                  01017308    00000030                                                       : tasks.obj (.text:xTaskGetSchedulerState)
                  01017338    0000002e     simplelink.a : cc_pal.obj (.text:Mutex_create_handle)
                  01017366    0000002e     freertos_builds_CC3220SF_LAUNCHXL_release_ccs.lib : timers.obj (.text:pvTimerGetTimerID)
                  01017394    0000002e     rtsv7M4_T_le_eabi.lib : i_tofd_t2.asm.obj (.text)
                  010173c2    00000002     --HOLE-- [fill = 0]
                  010173c4    0000002c     drivers_cc32xx.aem4 : GPIOCC32XX.oem4 (.text:GPIO_clearInt)
                  010173f0    0000002c     freertos_builds_CC3220SF_LAUNCHXL_release_ccs.lib : HwiPCC32XX_freertos.obj (.text:HwiP_disable)
                  0101741c    0000002c     simplelink.a : cc_pal.obj (.text:NwpPowerOn)
                  01017448    0000002c     driverlib.a : prcm.obj (.text:PRCMLPDSIntervalSet)
                  01017474    0000002c     drivers_cc32xx.aem4 : PowerCC32XX.oem4 (.text:PowerCC32XX_getParkState)
                  010174a0    0000002c     freertos_builds_CC3220SF_LAUNCHXL_release_ccs.lib : SemaphoreP_freertos.obj (.text:SemaphoreP_createBinary)
                  010174cc    0000002c     slnetifwifi.a : slnetifwifi.obj (.text:SlNetIfWifi_recv)
                  010174f8    0000002c                   : slnetifwifi.obj (.text:SlNetIfWifi_send)
                  01017524    0000002c     simplelink.a : driver.obj (.text:_SlDrvSyncObjWaitForever)
                  01017550    0000002c     mqtt_client_app.obj (.text:_Z23TimerPeriodicIntHandler6sigval)
                  0101757c    0000002c     RPLidar.obj (.text:_ZN7RPLidar4stopEv)
                  010175a8    0000002c     mqtt_release.a : client_core.oem4 (.text:doNetCloseRx)
                  010175d4    0000002c     freertos_builds_CC3220SF_LAUNCHXL_release_ccs.lib : pthread_mutex.obj (.text:pthread_mutexattr_settype)
                  01017600    0000002c     mqtt_release.a : client_core.oem4 (.text:singleCtxAdjWaitSecsGet)
                  0101762c    0000002c     rtsv7M4_T_le_eabi.lib : strncmp.c.obj (.text:strncmp)
                  01017658    0000002c     freertos_builds_CC3220SF_LAUNCHXL_release_ccs.lib : timer.obj (.text:timer_delete)
                  01017684    0000002c                                                       : tasks.obj (.text:vTaskSetApplicationTaskTag)
                  010176b0    0000002c                                                       : port.obj (.text:xPortSysTickHandler)
                  010176dc    0000002c                                                       : queue.obj (.text:xQueueCreateMutex)
                  01017708    0000002a     slnetsock_release.a : slnetutils.oem4 (.text:SlNetUtil_inetPton)
                  01017732    0000002a     drivers_cc32xx.aem4 : UARTCC32XXDMA.oem4 (.text:UARTCC32XXDMA_readCancel)
                  0101775c    0000002a                         : UARTCC32XXDMA.oem4 (.text:UARTCC32XXDMA_writeCancel)
                  01017786    0000002a     mqtt_release.a : client_core.oem4 (.text:ack2MsgIdDispatch)
                  010177b0    0000002a                    : client_core.oem4 (.text:pingReqSend)
                  010177da    0000002a     freertos_builds_CC3220SF_LAUNCHXL_release_ccs.lib : queue.obj (.text:prvInitialiseMutex)
                  01017804    0000002a     mqtt_release.a : client_core.oem4 (.text:txPartSetup)
                  0101782e    0000002a     freertos_builds_CC3220SF_LAUNCHXL_release_ccs.lib : queue.obj (.text:uxQueueMessagesWaiting)
                  01017858    0000002a                                                       : timers.obj (.text:xTimerGetExpiryTime)
                  01017882    00000002     --HOLE-- [fill = 0]
                  01017884    00000028                                                       : HwiPCC32XX_freertos.obj (.text:HwiP_inISR)
                  010178ac    00000028     mqtt_release.a : mqtt_common.oem4 (.text:MQTT_packetBufWrUtf8)
                  010178d4    00000028     driverlib.a : prcm.obj (.text:PRCMLPDSWakeupSourceEnable)
                  010178fc    00000028                 : prcm.obj (.text:PRCMPeripheralClkDisable)
                  01017924    00000028     drivers_cc32xx.aem4 : PowerCC32XX.oem4 (.text:Power_registerNotify)
                  0101794c    00000028     slnetsock_release.a : slnetif.oem4 (.text:SlNetIf_getIfByID)
                  01017974    00000028                         : slnetsock.oem4 (.text:SlNetSock_sdsIsSet)
                  0101799c    00000028                         : slnetsock.oem4 (.text:SlNetSock_sdsSet)
                  010179c4    00000028                         : slnetsock.oem4 (.text:SlNetSock_secAttribDelete)
                  010179ec    00000028     simplelink.a : driver.obj (.text:_SlDrvProtectionObjLockWaitForever)
                  01017a14    00000028                  : driver.obj (.text:_SlDrvProtectionObjUnLock)
                  01017a3c    00000028                  : flowcont.obj (.text:_SlFlowContSet)
                  01017a64    00000028     mqtt_client_app.obj (.text:_ZNSt3__217__compressed_pairIjNS_19__map_value_compareIfNS_12__value_typeIffEENS_4lessIfEELb1EEEEC1IiRKS6_EEOT_OT0_)
                  01017a8c    00000028     mqtt_release.a : client_core.oem4 (.text:_procPubRelRx)
                  01017ab4    00000028                    : mqttclient.oem4 (.text:_sl_ExtLib_AwaitedAckLockedSet)
                  01017adc    00000028     freertos_builds_CC3220SF_LAUNCHXL_release_ccs.lib : pthread.obj (.text:pthread_attr_setschedparam)
                  01017b04    00000028                                                       : semaphore.obj (.text:sem_trywait)
                  01017b2c    00000028                                                       : tasks.obj (.text:xTaskGetApplicationTaskTag)
                  01017b54    00000026     drivers_cc32xx.aem4 : List.oem4 (.text:List_put)
                  01017b7a    00000026                         : List.oem4 (.text:List_remove)
                  01017ba0    00000026     mqtt_release.a : mqtt_common.oem4 (.text:MQTT_clCtxRemove)
                  01017bc6    00000026     freertos_builds_CC3220SF_LAUNCHXL_release_ccs.lib : pthread.obj (.text:_pthread_cleanup_pop)
                  01017bec    00000026                                                       : queue.obj (.text:prvIsQueueFull)
                  01017c12    00000002     --HOLE-- [fill = 0]
                  01017c14    00000024     driverlib.a : interrupt.obj (.text:IntUnregister)
                  01017c38    00000024     drivers_cc32xx.aem4 : PowerCC32XX.oem4 (.text:PowerCC32XX_reset)
                  01017c5c    00000024     slnetsock_release.a : slnetif.oem4 (.text:SlNetIf_getConnectionStatus)
                  01017c80    00000024     simplelink.a : driver.obj (.text:_SlDrvIsApiInProgress)
                  01017ca4    00000024                  : driver.obj (.text:_SlDrvStartMeasureTimeout)
                  01017cc8    00000024     rtsv7M4_T_le_eabi.lib : boot_cortex_m.c.obj (.text:_c_int00_noargs:_c_int00_noargs)
                  01017cec    00000024     mqtt_release.a : client_core.oem4 (.text:conn2usedCtxs)
                  01017d10    00000024     rtsv7M4_T_le_eabi.lib : memmov.c.obj (.text:memmove)
                  01017d34    00000024     freertos_builds_CC3220SF_LAUNCHXL_release_ccs.lib : queue.obj (.text:prvGetDisinheritPriorityAfterTimeout)
                  01017d58    00000024     mqtt_release.a : client_core.oem4 (.text:recvHvecLoad)
                  01017d7c    00000024     rtsv7M4_T_le_eabi.lib : u_tofs_t2.asm.obj (.text)
                  01017da0    00000024     freertos_builds_CC3220SF_LAUNCHXL_release_ccs.lib : semaphore.obj (.text:sem_getvalue)
                  01017dc4    00000024     simplelink.a : wlan.obj (.text:sl_WlanDisconnect)
                  01017de8    00000024     freertos_builds_CC3220SF_LAUNCHXL_release_ccs.lib : queue.obj (.text:vQueueDelete)
                  01017e0c    00000024                                                       : tasks.obj (.text:vTaskInternalSetTimeOutState)
                  01017e30    00000022     mqtt_release.a : mqtt_common.oem4 (.text:MQTT_packetProcMsgIdAckRx)
                  01017e52    00000022     freertos_builds_CC3220SF_LAUNCHXL_release_ccs.lib : SemaphoreP_freertos.obj (.text:SemaphoreP_post)
                  01017e74    00000022                                                       : pthread.obj (.text:pthread_attr_setdetachstate)
                  01017e96    00000002     --HOLE-- [fill = 0]
                  01017e98    00000020                                                       : ClockP_freertos.obj (.text:ClockP_getCpuFreq)
                  01017eb8    00000020                                                       : HwiPCC32XX_freertos.obj (.text:HwiP_restore)
                  01017ed8    00000020     driverlib.a : interrupt.obj (.text:IntRegister)
                  01017ef8    00000020     mqtt_release.a : mqtt_common.oem4 (.text:MQTT_qos2PubCqReset)
                  01017f18    00000020     drivers_cc32xx.aem4 : PowerCC32XX.oem4 (.text:Power_unregisterNotify)
                  01017f38    00000020                         : RingBuf.oem4 (.text:RingBuf_peek)
                  01017f58    00000020     slnetifwifi.a : slnetifwifi.obj (.text:SlNetIfWifi_accept)
                  01017f78    00000020     drivers_cc32xx.aem4 : SPICC32XXDMA.oem4 (.text:getPowerMgrId)
                  01017f98    00000020                         : UARTCC32XX.oem4 (.text:getPowerMgrId)
                  01017fb8    00000020                         : UARTCC32XXDMA.oem4 (.text:getPowerMgrId)
                  01017fd8    00000020     freertos_builds_CC3220SF_LAUNCHXL_release_ccs.lib : queue.obj (.text:prvIsQueueEmpty)
                  01017ff8    00000020                                                       : semaphore.obj (.text:semaphorePend)
                  01018018    00000020     mqtt_release.a : client_core.oem4 (.text:session311fix)
                  01018038    0000001e     freertos_builds_CC3220SF_LAUNCHXL_release_ccs.lib : ClockP_freertos.obj (.text:ClockP_start)
                  01018056    0000001e                                                       : HwiPCC32XX_freertos.obj (.text:HwiP_Params_init)
                  01018074    0000001e     mqtt_release.a : client_core.oem4 (.text:MQTTClientCore_alloc)
                  01018092    0000001e                    : client_core.oem4 (.text:MQTTClientCore_ctxRun)
                  010180b0    0000001e     slnetifwifi.a : slnetifwifi.obj (.text:SlNetIfWifi_bind)
                  010180ce    0000001e                   : slnetifwifi.obj (.text:SlNetIfWifi_connect)
                  010180ec    0000001e     simplelink.a : driver.obj (.text:_SlDrvObjLockWaitForever)
                  0101810a    0000001e                  : driver.obj (.text:_SlDrvObjUnLock)
                  01018128    0000001e                  : driver.obj (.text:_SlDrvSyncObjSignal)
                  01018146    0000001e     freertos_builds_CC3220SF_LAUNCHXL_release_ccs.lib : pthread.obj (.text:_pthread_runStub)
                  01018164    0000001e     drivers_cc32xx.aem4 : UDMACC32XX.oem4 (.text:postNotifyFxn)
                  01018182    0000001e     mqtt_release.a : client_core.oem4 (.text:procNetDataRecv)
                  010181a0    0000001e                    : client_core.oem4 (.text:sessionDelete)
                  010181be    0000001c     freertos_builds_CC3220SF_LAUNCHXL_release_ccs.lib : ClockP_freertos.obj (.text:ClockP_Params_init)
                  010181da    00000002     --HOLE-- [fill = 0]
                  010181dc    0000001c     uart_term.obj (.text:Message)
                  010181f8    0000001c     driverlib.a : pin.obj (.text:PinToPadGet)
                  01018214    0000001c     simplelink.a : device.obj (.text:_SlDeviceGetStartResponseConvert)
                  01018230    0000001c                  : spawn.obj (.text:_SlInternalIsItSpawnThread)
                  0101824c    0000001c     mqtt_release.a : client_core.oem4 (.text:doNetCloseTx)
                  01018268    0000001c     rtsv7M4_T_le_eabi.lib : memccpy.c.obj (.text:memccpy)
                  01018284    0000001c     mqtt_release.a : client_core.oem4 (.text:processRecv)
                  010182a0    0000001c     freertos_builds_CC3220SF_LAUNCHXL_release_ccs.lib : pthread.obj (.text:pthread_attr_init)
                  010182bc    0000001c                                                       : pthread_mutex.obj (.text:pthread_mutexattr_init)
                  010182d8    0000001c                                                       : tasks.obj (.text:pvTaskIncrementMutexHeldCount)
                  010182f4    0000001c     mqtt_release.a : client_core.oem4 (.text:usedCtxsTOSort)
                  01018310    0000001a                    : mqtt_common.oem4 (.text:MQTT_packetAckWlistPurge)
                  0101832a    0000001a     freertos_builds_CC3220SF_LAUNCHXL_release_ccs.lib : PTLS.obj (.text:PTLS_taskDeleteHook)
                  01018344    0000001a     slnetifwifi.a : slnetifwifi.obj (.text:SlNetIfWifi_listen)
                  0101835e    0000001a     mqtt_client_app.obj (.text:_ZNSt3__23mapIffNS_4lessIfEENS_9allocatorINS_4pairIKffEEEEEC1Ev)
                  01018378    0000001a     freertos_builds_CC3220SF_LAUNCHXL_release_ccs.lib : timers.obj (.text:prvTimerTask)
                  01018392    0000001a                                                       : pthread_mutex.obj (.text:pthread_mutex_destroy)
                  010183ac    00000018     mqtt_release.a : mqtt_common.oem4 (.text:MQTT_clCtxTimeoutUpdate)
                  010183c4    00000018     drivers_cc32xx.aem4 : PowerCC32XX.oem4 (.text:Power_idleFunc)
                  010183dc    00000018     driverlib.a : uart.obj (.text:UARTBusy)
                  010183f4    00000018                 : uart.obj (.text:UARTIntEnable)
                  0101840c    00000018     drivers_cc32xx.aem4 : UART.oem4 (.text:UART_Params_init)
                  01018424    00000018     rtsv7M4_T_le_eabi.lib : vsnprintf.c.obj (.text:_outc)
                  0101843c    00000018     freertos_builds_CC3220SF_LAUNCHXL_release_ccs.lib : memory.obj (.text:free)
                  01018454    00000018     mqtt_release.a : client_core.oem4 (.text:groupCtxsAdjWaitSecsGet)
                  0101846c    00000018                    : client_core.oem4 (.text:netClCtxFind)
                  01018484    00000018     uart_term.obj (.text:putch)
                  0101849c    00000018     rtsv7M4_T_le_eabi.lib : ll_mul_t2.asm.obj (.text)
                  010184b4    00000018     freertos_builds_CC3220SF_LAUNCHXL_release_ccs.lib : semaphore.obj (.text:sem_wait)
                  010184cc    00000018     rtsv7M4_T_le_eabi.lib : strcmp.c.obj (.text:strcmp)
                  010184e4    00000018     freertos_builds_CC3220SF_LAUNCHXL_release_ccs.lib : tasks.obj (.text:xTaskGetTickCountFromISR)
                  010184fc    00000016                                                       : ClockP_freertos.obj (.text:ClockP_setTimeout)
                  01018512    00000016     mqtt_release.a : mqtt_net_func.oem4 (.text:MQTTNet_commClose)
                  01018528    00000016                    : mqtt_common.oem4 (.text:MQTT_clCtxReset)
                  0101853e    00000016                    : mqtt_common.oem4 (.text:MQTT_packetFree)
                  01018554    00000016                    : mqtt_common.oem4 (.text:MQTT_packetInit)
                  0101856a    00000016     driverlib.a : prcm.obj (.text:PRCMHIBRegRead)
                  01018580    00000016                 : prcm.obj (.text:PRCMHIBRegWrite)
                  01018596    00000016     freertos_builds_CC3220SF_LAUNCHXL_release_ccs.lib : PTLS.obj (.text:PTLS_getBuf)
                  010185ac    00000016                                                       : PTLS.obj (.text:PTLS_setBuf)
                  010185c2    00000016                                                       : SemaphoreP_freertos.obj (.text:SemaphoreP_Params_init)
                  010185d8    00000016     simplelink.a : driver.obj (.text:_SlDrvMemZero)
                  010185ee    00000016     MQTT.obj (.text:_ZNSt3__222__compressed_pair_elemIjLi0ELb0EEC1IivEEOT_)
                  01018604    00000016     freertos_builds_CC3220SF_LAUNCHXL_release_ccs.lib : startup_cc32xx_ccs.obj (.text:resetISR)
                  0101861a    00000016     rtsv7M4_T_le_eabi.lib : strchr.c.obj (.text:strchr)
                  01018630    00000014     driverlib.a : cpu.obj (.text:CPUcpsie)
                  01018644    00000014                 : interrupt.obj (.text:IntVTableBaseSet)
                  01018658    00000014     mqtt_release.a : mqttclient.oem4 (.text:MQTTClient_publish)
                  0101866c    00000014                    : mqtt_net_func.oem4 (.text:MQTTNet_rtcSecs)
                  01018680    00000014                    : mqtt_common.oem4 (.text:MQTT_packetAckWlistAppend)
                  01018694    00000014                    : mqtt_common.oem4 (.text:MQTT_packetReset)
                  010186a8    00000014     drivers_cc32xx.aem4 : PWM.oem4 (.text:PWM_Params_init)
                  010186bc    00000014                         : PowerCC32XX.oem4 (.text:Power_getDependencyCount)
                  010186d0    00000014                         : SPI.oem4 (.text:SPI_Params_init)
                  010186e4    00000014     slnetsock_release.a : slnetsock.oem4 (.text:SlNetSock_sdsClrAll)
                  010186f8    00000014     RPLidar.obj (.text:_ZN7RPLidar6isOpenEv)
                  0101870c    00000014     RPLidar.obj (.text:_ZN7RPLidar9getUcountEv)
                  01018720    00000014     mqtt_client_app.obj (.text:_ZNSt3__217__compressed_pairINS_15__tree_end_nodeIPNS_16__tree_node_baseIPvEEEENS_9allocatorINS_11__tree_nodeINS_12__value_typeIffEES3_EEEEEC1ILb1EvEEv)
                  01018734    00000014     mqtt_release.a : client_core.oem4 (.text:ack1WlRmfree)
[...]
01018d9b  SlNetUtil_init                                                                                                                                         
01018d9f  __abort_execution                                                                                                                                      
01018da3  _system_pre_init                                                                                                                                       
01018da7  C$$EXIT                                                                                                                                                
01018da7  _ZSt17__throw_bad_allocv                                                                                                                               
01018da7  abort                                                                                                                                                  
01018db4  _ctypes_                                                                                                                                               
0101921c  OpcodeTranslateTable                                                                                                                                   
0101928c  _SlActionLookupTable                                                                                                                                   
010192dc  PowerCC32XX_config                                                                                                                                     
0101931c  spiCC32XXDMAHWAttrs                                                                                                                                    
01019358  UARTCC32XXDMA_fxnTable                                                                                                                                 
01019380  UARTCC32XX_fxnTable                                                                                                                                    
010193a8  PWMTimerCC32XX_fxnTable                                                                                                                                
010193cc  UART_defaultParams                                                                                                                                     
0101947c  SPI_defaultParams                                                                                                                                      
010194fc  PWM_defaultParams                                                                                                                                      
01019514  SPICC32XXDMA_fxnTable                                                                                                                                  
0101952c  UART_config                                                                                                                                            
0101965c  GPIOCC32XX_config                                                                                                                                      
01019774  PWM_config                                                                                                                                             
01019780  SPI_config                                                                                                                                             
010197b0  udmaCC3220SHWAttrs                                                                                                                                     
010197c4  UDMACC32XX_config                                                                                                                                      
010197cc  ulMaxSyscallInterruptPriority                                                                                                                          
010197ec  outPinTypes                                                                                                                                            
0101980c  Display_count                                                                                                                                          
0101980d  CryptoCC32XX_count                                                                                                                                     
0101980e  PWM_count                                                                                                                                              
0101980f  SPI_count                                                                                                                                              
01019810  Timer_count                                                                                                                                            
01019811  UART_count                                                                                                                                             
01019812  Watchdog_count                                                                                                                                         
0101981a  inPinTypes                                                                                                                                             
01019820  outPinStrengths                                                                                                                                        
01019864  _SlNetAppSendResponseCmdCtrl                                                                                                                           
01019868  _SlNetAppSendTokenValueCmdCtrl                                                                                                                         
0101989c  pwmTimerCC32XXHWAttrs                                                                                                                                  
010198a8  __TI_static_base__                                                                                                                                     
01019a80  __TI_Handler_Table_Base                                                                                                                                
01019a8c  __TI_Handler_Table_Limit                                                                                                                               
01019a98  __TI_CINIT_Base                                                                                                                                        
01019aa8  __TI_CINIT_Limit                                                                                                                                       
200099ac  PowerCC32XX_contextSave                                                                                                                                
20009bf0  MQTTClient_Lib_CB                                                                                                                                      
2000a000  g_CB                                                                                                                                                   
2000a3fc  clients                                                                                                                                                
2000a774  uartCC32XXObjects0                                                                                                                                     
2000a878  uartCC32XXObjects1                                                                                                                                     
2000a8e4  spiCC32XXDMAObjects                                                                                                                                    
2000a928  GlobalLockObj                                                                                                                                          
2000a954  g_SlInternalSpawnCB                                                                                                                                    
2000a97c  g_ucConnectionSSID                                                                                                                                     
2000a9a0  pwmTimerCC32XXObjects                                                                                                                                  
2000aae8  DeviceCB                                                                                                                                               
2000aaf4  MqttClientExmple_params                                                                                                                                
2000ab00  Msg                                                                                                                                                    
2000ab24  g_ucConnectionBSSID                                                                                                                                    
2000ab2c  udmaCC3220SObject                                                                                                                                      
2000ab48  g_PBQueue                                                                                                                                              
2000ab4c  g_timer                                                                                                                                                
2000ab50  spiCC32XXSDMAscratchBuf                                                                                                                                
2000ab54  MQTTClient_waitSecs                                                                                                                                    
2000ab56  g_usConnectIndex                                                                                                                                       
2000ab58  g_usTimerInts                                                                                                                                          
2000ab5a  _ZN8nlohmann6detail12static_constINS0_10to_json_fnEE5valueE                                                                                            
2000ab5b  _ZN8nlohmann6detail12static_constINS0_12from_json_fnEE5valueE                                                                                          
2000ab5c  RxIrqCnt                                                                                                                                               
2000ab60  HwiP_dispatchTable                                                                                                                                     
2000b360  PowerCC32XX_module                                                                                                                                     
2000b4cc  parkInfo                                                                                                                                               
2000b5c4  SlNetIfConfigWifi                                                                                                                                      
2000b61c  gApConnectionState                                                                                                                                     
2000b620  gInitState                                                                                                                                             
2000b624  memPtrCounterfree                                                                                                                                      
2000b628  gResetApplication                                                                                                                                      
2000b62c  g_rx_task_hndl                                                                                                                                         
2000b630  gUiConnFlag                                                                                                                                            
2000b634  ClientUsername                                                                                                                                         
2000b638  ClientPassword                                                                                                                                         
2000b63c  publish_topic                                                                                                                                          
2000b640  publish_data                                                                                                                                           
2000b644  mqttThread                                                                                                                                             
2000b648  appThread                                                                                                                                              
2000b64c  _ZN8nlohmann43_GLOBAL__N__19_mqtt_client_app_cpp_9b99db779from_jsonE                                                                                   
2000b650  _ZN8nlohmann43_GLOBAL__N__19_mqtt_client_app_cpp_9b99db777to_jsonE                                                                                     
2000b689  lineBreak                                                                                                                                              
2000b68c  pxCurrentTCB                                                                                                                                           
2000b6c0  MQTTClient_net                                                                                                                                         
2000b6e8  g_LibsEvents                                                                                                                                           
2000b70c  g_UserEvents                                                                                                                                           
2000b730  gpioCallbackFunctions                                                                                                                                  
2000b750  gpioPinConfigs                                                                                                                                         
2000b770  Mqtt_ClientCtx                                                                                                                                         
2000b7dc  topic                                                                                                                                                  
2000b7ec  ClientId                                                                                                                                               
2000b7fc  SecurityParams                                                                                                                                         
2000b820  g_ulStaIp                                                                                                                                              
2000b824  g_ulGatewayIP                                                                                                                                          
2000b828  g_ulStatus                                                                                                                                             
2000b82c  gGlobalLockCntRequested                                                                                                                                
2000b82d  gGlobalLockCntReleased                                                                                                                                 
2000b82e  g_SlDeviceStatus                                                                                                                                       
2000b830  g_pCB                                                                                                                                                  
2000b834  pPingCallBackFunc                                                                                                                                      
2000b838  will_param                                                                                                                                             
2000b85c  MQTTClient_closeContext                                                                                                                                
2000b860  MQTTClient_clientContext                                                                                                                               
2000b864  MQTTClient_multiSrvConn                                                                                                                                
2000b868  MQTTClient_clientCfg                                                                                                                                   
2000b898  MQTTClient_connectCfg                                                                                                                                  
2000b8a8  qos                                                                                                                                                    
2000b8ac  g_intHandle                                                                                                                                            
2003fc00  __stack                                                                                                                                                
20040000  __STACK_END                                                                                                                                            
ffffffff  __TI_pprof_out_hndl                                                                                                                                    
ffffffff  __TI_prof_data_size                                                                                                                                    
ffffffff  __TI_prof_data_start                                                                                                                                   
ffffffff  __binit__                                                                                                                                              
ffffffff  __c_args__                                                                                                                                             
ffffffff  binit                                                                                                                                                  
UNDEFED   __mpu_init                                                                                                                                             
UNDEFED   _system_post_cinit                                                                                                                                     

[761 symbols]
