******************************************************************************
                  TI ARM Linker PC v18.12.5                    
******************************************************************************
>> Linked Wed May  6 15:00:31 2020

OUTPUT FILE NAME:   <mqtt_client_lidar.out>
ENTRY POINT SYMBOL: "resetISR"  address: 0101b5b1


MEMORY CONFIGURATION

         name            origin    length      used     unused   attr    fill
----------------------  --------  ---------  --------  --------  ----  --------
  FLASH_HDR             01000000   000007ff  00000000  000007ff  R  X
  FLASH                 01000800   000ff800  0001d882  000e1f7e  R  X
  SRAM                  20000000   00040000  0000bf89  00034077  RW X


SEGMENT ALLOCATION MAP

run origin  load origin   length   init length attrs members
----------  ----------- ---------- ----------- ----- -------
01000800    01000800    0001d888   0001d888    r-x
  01000800    01000800    00000040   00000040    r-- .resetVecs
  01000840    01000840    0001b4dc   0001b4dc    r-x .text
  0101bd1c    0101bd1c    00002106   00002106    r-- .const
  0101de28    0101de28    00000260   00000260    r-- .cinit
20000400    20000400    0000b880   00000000    rw-
  20000400    20000400    0000a8e5   00000000    rw- .bss
  2000ace8    2000ace8    00000f98   00000000    rw- .data
2003fc00    2003fc00    00000400   00000000    rw-
  2003fc00    2003fc00    00000400   00000000    rw- .stack


SECTION ALLOCATION MAP

 output                                  attributes/
section   page    origin      length       input sections
--------  ----  ----------  ----------   ----------------
.resetVecs 
*          0    01000800    00000040     
                  01000800    00000040     freertos_builds_CC3220SF_LAUNCHXL_release_ccs.lib : startup_cc32xx_ccs.obj (.resetVecs:retain)

.text      0    01000840    0001b4dc     
                  01000840    00000a4e     rtsv7M4_T_le_eabi.lib : _printfi.c.obj (.text:__TI_printfi)
                  0100128e    00000002     ti_drivers_config.obj (.text:Board_initHook)
                  01001290    000008cc     simplelink.a : driver.obj (.text:_SlDrvMsgRead)
                  01001b5c    00000858     mqtt_client_app.obj (.text:_ZN41_INTERNAL_19_mqtt_client_app_cpp_9b99db7711LIDARThreadEPv)
                  010023b4    00000684     MQTT.obj (.text:_ZN8nlohmann10basic_jsonINSt3__23mapENS1_6vectorENS1_12basic_stringIcNS1_11char_traitsIcEENS1_9allocatorIcEEEEbxydS7_NS_14adl_serializerEE10json_value7destroyENS_6detail7value_tE)
                  01002a38    00000580     MQTT.obj (.text:_ZN8nlohmann6detail10serializerINS_10basic_jsonINSt3__23mapENS3_6vectorENS3_12basic_stringIcNS3_11char_traitsIcEENS3_9allocatorIcEEEEbxydS9_NS_14adl_serializerEEEE4dumpERKSD_bbjj)
                  01002fb8    000004bc     simplelink.a : sl_socket.obj (.text:_SlSocketHandleAsync_Select)
                  01003474    00000430     driverlib.a : prcm.obj (.text:PRCMCC3200MCUInit)
                  010038a4    00000384     simplelink.a : driver.obj (.text:_SlDrvMsgWrite)
                  01003c28    0000034c     MQTT.obj (.text:_ZN8nlohmann6detail10serializerINS_10basic_jsonINSt3__23mapENS3_6vectorENS3_12basic_stringIcNS3_11char_traitsIcEENS3_9allocatorIcEEEEbxydS9_NS_14adl_serializerEEEE12dump_escapedERKSB_b)
                  01003f74    000002e0     simplelink.a : driver.obj (.text:_SlDrvWaitForPoolObj)
                  01004254    000002d8                  : driver.obj (.text:_SlDrvRxHdrRead)
                  0100452c    000002b4     network_if.obj (.text:Network_IF_ConnectAP)
                  010047e0    000002b4     simplelink.a : sl_socket.obj (.text:sl_Select)
                  01004a94    0000029c     client_cbs.obj (.text:MqttClientCallback)
                  01004d30    00000294     simplelink.a : driver.obj (.text:_SlDrvReleasePoolObj)
                  01004fc4    00000290     mqtt_client_app.obj (.text:_Z10MqttClientPv)
                  01005254    00000280     drivers_cc32xx.aem4 : UARTCC32XX.oem4 (.text:UARTCC32XX_open)
                  010054d4    0000027c     simplelink.a : wlan.obj (.text:sl_WlanConnect)
                  01005750    00000278     freertos_builds_CC3220SF_LAUNCHXL_release_ccs.lib : mqueue.obj (.text:mq_open)
                  010059c8    00000268     rtsv7M4_T_le_eabi.lib : _printfi.c.obj (.text:_pconv_a)
                  01005c30    0000025c     simplelink.a : driver.obj (.text:_SlDrvDataReadOp)
                  01005e8c    00000251     network_if.obj (.text:SimpleLinkSockEventHandler)
                  010060dd    00000001     --HOLE-- [fill = 0]
                  010060de    00000002     driverlib.a : interrupt.obj (.text:IntDefaultHandler)
                  010060e0    00000230     mqtt_client_app.obj (.text:_Z16DisplayAppBannerPcS_)
                  01006310    00000224     network_if.obj (.text:Network_IF_InitDriver)
                  01006534    00000224     simplelink.a : driver.obj (.text:_SlDrvDriverCBInit)
                  01006758    00000220     mqtt_client_app.obj (.text:mainThread)
                  01006978    00000218     simplelink.a : driver.obj (.text:_SlDrvDataWriteOp)
                  01006b90    0000020c     drivers_cc32xx.aem4 : UARTCC32XXDMA.oem4 (.text:UARTCC32XXDMA_open)
                  01006d9c    000001f4     simplelink.a : driver.obj (.text:_SlDrvMsgReadCmdCtx)
                  01006f90    000001f2                  : netapp.obj (.text:_SlNetAppEventHandler)
                  01007182    00000002     drivers_cc32xx.aem4 : PWMTimerCC32XX.oem4 (.text:PWMTimerCC32XX_init)
                  01007184    000001d4                         : GPIOCC32XX.oem4 (.text:GPIO_setConfig)
                  01007358    000001d4     freertos_builds_CC3220SF_LAUNCHXL_release_ccs.lib : timer.obj (.text:timer_settime)
                  0100752c    000001d4                                                       : queue.obj (.text:xQueueSemaphoreTake)
                  01007700    000001d0     drivers_cc32xx.aem4 : SPICC32XXDMA.oem4 (.text:SPICC32XXDMA_transfer)
                  010078d0    000001cc     rtsv7M4_T_le_eabi.lib : _printfi.c.obj (.text:_pconv_g)
                  01007a9c    000001c8     simplelink.a : device.obj (.text:sl_Stop)
                  01007c64    000001bc     network_if.obj (.text:SimpleLinkFatalErrorEventHandler)
                  01007e20    000001b8     drivers_cc32xx.aem4 : SPICC32XXDMA.oem4 (.text:configDMA)
                  01007fd8    000001b8     freertos_builds_CC3220SF_LAUNCHXL_release_ccs.lib : queue.obj (.text:xQueueGenericSend)
                  01008190    000001b6     rtsv7M4_T_le_eabi.lib : fd_add_t2.asm.obj (.text)
                  01008346    00000002     freertos_builds_CC3220SF_LAUNCHXL_release_ccs.lib : PowerCC32XX_freertos.obj (.text:PowerCC32XX_initPolicy)
                  01008348    000001b4     simplelink.a : driver.obj (.text:_SlDrvReleaseAllActivePendingPoolObj)
                  010084fc    000001b4     mqtt_client_app.obj (.text:_Z16MqttClient_startv)
                  010086b0    000001b0     freertos_builds_CC3220SF_LAUNCHXL_release_ccs.lib : PowerCC32XX_freertos.obj (.text:PowerCC32XX_sleepPolicy)
                  01008860    000001ac     simplelink.a : sl_socket.obj (.text:sl_Accept)
                  01008a0c    00000198     slnetsock_release.a : slnetsock.oem4 (.text:SlNetSock_select)
                  01008ba4    00000194     network_if.obj (.text:SimpleLinkWlanEventHandler)
                  01008d38    0000018c     simplelink.a : sl_socket.obj (.text:_SlDrvRegisterForSelectAsync)
                  01008ec4    00000184                  : driver.obj (.text:_SlDrvFindAndSetActiveObj)
                  01009048    00000184     freertos_builds_CC3220SF_LAUNCHXL_release_ccs.lib : heap_4.obj (.text:pvPortMalloc)
                  010091cc    00000180     MQTT.obj (.text:_ZNSt3__26vectorIN8nlohmann10basic_jsonINS_3mapES0_NS_12basic_stringIcNS_11char_traitsIcEENS_9allocatorIcEEEEbxydS7_NS1_14adl_serializerEEENS7_ISB_EEE21__push_back_slow_pathISB_EEvOT_)
                  0100934c    00000180     freertos_builds_CC3220SF_LAUNCHXL_release_ccs.lib : queue.obj (.text:xQueueReceive)
                  010094cc    00000178     simplelink.a : sl_socket.obj (.text:sl_Connect)
                  01009644    00000170                  : netapp.obj (.text:sl_NetAppDnsGetHostByName)
                  010097b4    00000164     freertos_builds_CC3220SF_LAUNCHXL_release_ccs.lib : timers.obj (.text:prvProcessReceivedCommands)
                  01009918    0000015a     mqtt_release.a : mqtt_net_func.oem4 (.text:createSocket)
                  01009a72    00000002     network_if.obj (.text:SimpleLinkHttpServerEventHandler)
                  01009a74    00000158     drivers_cc32xx.aem4 : SPICC32XXDMA.oem4 (.text:SPICC32XXDMA_open)
                  01009bcc    00000154     mqtt_release.a : mqttclient.oem4 (.text:MQTTClient_connect)
                  01009d20    00000154     simplelink.a : sl_socket.obj (.text:sl_RecvFrom)
                  01009e74    0000014c     MQTT.obj (.text:_ZNSt3__26vectorIN8nlohmann10basic_jsonINS_3mapES0_NS_12basic_stringIcNS_11char_traitsIcEENS_9allocatorIcEEEEbxydS7_NS1_14adl_serializerEEENS7_ISB_EEE26__swap_out_circular_bufferERNS_14__split_bufferISB_RSC_EE)
                  01009fc0    0000014c     simplelink.a : sl_socket.obj (.text:sl_StartTLS)
                  0100a10c    00000148     MQTT.obj (.text:_ZN8nlohmann6detail10serializerINS_10basic_jsonINSt3__23mapENS3_6vectorENS3_12basic_stringIcNS3_11char_traitsIcEENS3_9allocatorIcEEEEbxydS9_NS_14adl_serializerEEEE12dump_integerIxLi0EEEvT_)
                  0100a254    00000148     drivers_cc32xx.aem4 : PowerCC32XX.oem4 (.text:parkPins)
                  0100a39c    00000140                         : PWMTimerCC32XX.oem4 (.text:PWMTimerCC32XX_setDutyAndPeriod)
                  0100a4dc    00000140     simplelink.a : driver.obj (.text:_SlDrvMsgReadSpawnCtx)
                  0100a61c    00000140     freertos_builds_CC3220SF_LAUNCHXL_release_ccs.lib : tasks.obj (.text:xTaskIncrementTick)
                  0100a75c    0000013c     network_if.obj (.text:SimpleLinkNetAppEventHandler)
                  0100a898    0000013c     simplelink.a : driver.obj (.text:_SlDrvDriverCBDeinit)
                  0100a9d4    0000013c                  : sl_socket.obj (.text:_SlDrvGetNextTimeoutValue)
                  0100ab10    0000013c     rtsv7M4_T_le_eabi.lib : _printfi.c.obj (.text:_pconv_e)
                  0100ac4c    00000138     drivers_cc32xx.aem4 : PowerCC32XX.oem4 (.text:Power_sleep)
                  0100ad84    00000138     simplelink.a : driver.obj (.text:_SlSpawnMsgListInsert)
                  0100aebc    00000138     freertos_builds_CC3220SF_LAUNCHXL_release_ccs.lib : pthread.obj (.text:pthread_create)
                  0100aff4    00000136     rtsv7M4_T_le_eabi.lib : fd_div_t2.asm.obj (.text)
                  0100b12a    00000002     network_if.obj (.text:SimpleLinkNetAppRequestEventHandler)
                  0100b12c    00000134     simplelink.a : sl_socket.obj (.text:_SlSocketHandleAsync_StartTLS)
                  0100b260    00000134     rtsv7M4_T_le_eabi.lib : vla_alloc.c.obj (.text:__vla_alloc)
                  0100b394    0000012a     freertos_builds_CC3220SF_LAUNCHXL_release_ccs.lib : tasks.obj (.text:prvInitialiseNewTask)
                  0100b4be    00000002     network_if.obj (.text:SimpleLinkNetAppRequestMemFreeEventHandler)
                  0100b4c0    00000128     simplelink.a : driver.obj (.text:_SlDrvClassifyRxMsg)
                  0100b5e8    00000124                  : fs.obj (.text:sl_FsOpen)
                  0100b70c    00000120     drivers_cc32xx.aem4 : UARTCC32XX.oem4 (.text:UARTCC32XX_close)
                  0100b82c    00000120     simplelink.a : driver.obj (.text:_SlDrvAsyncEventGenericHandler)
                  0100b94c    00000120     mqtt_client_app.obj (.text:_Z15Mqtt_IF_Connectv)
                  0100ba6c    00000120     rtsv7M4_T_le_eabi.lib : _printfi.c.obj (.text:fcvt)
                  0100bb8c    00000120     simplelink.a : device.obj (.text:sl_Start)
                  0100bcac    0000011c     freertos_builds_CC3220SF_LAUNCHXL_release_ccs.lib : tasks.obj (.text:xTaskResumeAll)
                  0100bdc8    00000118     simplelink.a : netapp.obj (.text:_SlNetAppHandleAsync_DnsGetHostByService)
                  0100bee0    00000118     mqtt_client_app.obj (.text:_ZN8nlohmann10basic_jsonINSt3__23mapENS1_6vectorENS1_12basic_stringIcNS1_11char_traitsIcEENS1_9allocatorIcEEEEbxydS7_NS_14adl_serializerEE10json_valueC1ENS_6detail7value_tE)
                  0100bff8    00000114     rtsv7M4_T_le_eabi.lib : fputs.c.obj (.text:fputs)
                  0100c10c    00000112     mqtt_release.a : mqtt_common.oem4 (.text:MQTT_PacketRecv)
                  0100c21e    00000002     drivers_cc32xx.aem4 : UARTCC32XXDMA.oem4 (.text:UARTCC32XXDMA_init)
                  0100c220    00000110     rtsv7M4_T_le_eabi.lib : strtoul.c.obj (.text:strtoul)
                  0100c330    0000010a     freertos_builds_CC3220SF_LAUNCHXL_release_ccs.lib : queue.obj (.text:xQueueGenericSendFromISR)
                  0100c43a    00000002     drivers_cc32xx.aem4 : UARTCC32XX.oem4 (.text:UARTCC32XX_init)
                  0100c43c    00000108     slnetsock_release.a : slnetutils.oem4 (.text:SlNetUtil_str2BinIpV6)
                  0100c544    00000104     simplelink.a : device.obj (.text:_SlDeviceEventHandler)
                  0100c648    00000104                  : driver.obj (.text:_SlDrvCmdOp)
                  0100c74c    00000104     mqtt_client_app.obj (.text:_Z10Mqtt_startv)
                  0100c850    00000104     freertos_builds_CC3220SF_LAUNCHXL_release_ccs.lib : tasks.obj (.text:vTaskPriorityDisinheritAfterTimeout)
                  0100c954    00000100     simplelink.a : driver.obj (.text:_SlDrvObjGlobalLockWaitForever)
                  0100ca54    00000100                  : fs.obj (.text:sl_FsWrite)
                  0100cb54    00000100     freertos_builds_CC3220SF_LAUNCHXL_release_ccs.lib : tasks.obj (.text:vTaskDelete)
                  0100cc54    000000fc     rtsv7M4_T_le_eabi.lib : fd_mul_t2.asm.obj (.text)
                  0100cd50    000000fc     simplelink.a : sl_socket.obj (.text:sl_Close)
                  0100ce4c    000000fc     freertos_builds_CC3220SF_LAUNCHXL_release_ccs.lib : tasks.obj (.text:vTaskSuspend)
                  0100cf48    000000fa     MQTT.obj (.text:_ZNSt3__26__treeINS_12__value_typeINS_12basic_stringIcNS_11char_traitsIcEENS_9allocatorIcEEEEN8nlohmann10basic_jsonINS_3mapENS_6vectorES7_bxydS5_NS8_14adl_serializerEEEEENS_19__map_value_compareIS7_SE_NS_4lessIvEELb1EEENS5_ISE_EEE12__find_equalIS7_EERPNS_16__tree_node_baseIPvEERPNS_15__tree_end_nodeISP_EERKT_)
                  0100d042    00000002     MQTT.obj (.text:_ZN8nlohmann6detail21output_string_adapterIcNSt3__212basic_stringIcNS2_11char_traitsIcEENS2_9allocatorIcEEEEED1Ev)
                  0100d044    000000f8     slnetifwifi.a : slnetifwifi.obj (.text:SlNetIfWifi_loadSecObj)
                  0100d13c    000000f8     drivers_cc32xx.aem4 : UARTCC32XXDMA.oem4 (.text:UARTCC32XXDMA_close)
                  0100d234    000000f8     mqtt_release.a : client_core.oem4 (.text:utf8ArraySend)
                  0100d32c    000000f6                    : mqtt_net_func.oem4 (.text:MQTTNet_commOpen)
                  0100d422    00000002     MQTT.obj (.text:_ZN8nlohmann6detail23output_adapter_protocolIcED1Ev)
                  0100d424    000000f4     simplelink.a : sl_socket.obj (.text:sl_SendTo)
                  0100d518    000000f2     drivers_cc32xx.aem4 : SPICC32XXDMA.oem4 (.text:SPICC32XXDMA_transferCancel)
                  0100d60a    000000f2                         : UARTCC32XX.oem4 (.text:UARTCC32XX_control)
                  0100d6fc    000000f2     rtsv7M4_T_le_eabi.lib : string.cpp.obj (.text:_ZNSt3__212basic_stringIcNS_11char_traitsIcEENS_9allocatorIcEEE7reserveEj)
                  0100d7ee    00000002                           : string.cpp.obj (.text:_ZNKSt3__222__compressed_pair_elemINS_12basic_stringIcNS_11char_traitsIcEENS_9allocatorIcEEE5__repELi0ELb0EE5__getEv)
                  0100d7f0    000000f0     drivers_cc32xx.aem4 : PWMTimerCC32XX.oem4 (.text:PWMTimerCC32XX_open)
                  0100d8e0    000000f0     rtsv7M4_T_le_eabi.lib : string.cpp.obj (.text:_ZNSt3__212basic_stringIcNS_11char_traitsIcEENS_9allocatorIcEEE21__grow_by_and_replaceEjjjjjjPKc)
                  0100d9d0    000000f0     freertos_builds_CC3220SF_LAUNCHXL_release_ccs.lib : queue.obj (.text:xQueueGiveFromISR)
                  0100dac0    000000e8     slnetsock_release.a : slnetif.oem4 (.text:SlNetIf_add)
                  0100dba8    000000e8     drivers_cc32xx.aem4 : UARTCC32XXDMA.oem4 (.text:initHw)
                  0100dc90    000000e0     mqtt_release.a : mqttclient.oem4 (.text:MqttClientCtxCreate)
                  0100dd70    000000e0     RPLidar.obj (.text:_ZN7RPLidar9waitPointEj)
                  0100de50    000000e0     freertos_builds_CC3220SF_LAUNCHXL_release_ccs.lib : tasks.obj (.text:xTaskPriorityDisinherit)
                  0100df30    000000de     mqtt_release.a : client_core.oem4 (.text:connectMsgSend)
                  0100e00e    00000002     rtsv7M4_T_le_eabi.lib : string.cpp.obj (.text:_ZNSt3__211char_traitsIcE11to_int_typeEc)
                  0100e010    000000dc                           : setvbuf.c.obj (.text:setvbuf)
                  0100e0ec    000000dc     freertos_builds_CC3220SF_LAUNCHXL_release_ccs.lib : tasks.obj (.text:vTaskSwitchContext)
                  0100e1c8    000000d8     drivers_cc32xx.aem4 : SPICC32XXDMA.oem4 (.text:SPICC32XXDMA_close)
                  0100e2a0    000000d8     simplelink.a : device.obj (.text:_SlDeviceHandleAsync_InitComplete)
                  0100e378    000000d8                  : driver.obj (.text:_SlDrvWaitForInternalAsyncEvent)
                  0100e450    000000d8                  : netapp.obj (.text:_SlNetAppHandleAsync_NetAppReceive)
                  0100e528    000000d8     freertos_builds_CC3220SF_LAUNCHXL_release_ccs.lib : queue.obj (.text:xQueueReceiveFromISR)
                  0100e600    000000d8                                                       : tasks.obj (.text:xTaskPriorityInherit)
                  0100e6d8    000000d4     RPLidar.obj (.text:_ZN7RPLidar19_waitResponseHeaderEP21_rplidar_ans_header_tj)
                  0100e7ac    000000d4     MQTT.obj (.text:_ZN8nlohmann6detail10serializerINS_10basic_jsonINSt3__23mapENS3_6vectorENS3_12basic_stringIcNS3_11char_traitsIcEENS3_9allocatorIcEEEEbxydS9_NS_14adl_serializerEEEE10dump_floatEdNS3_17integral_constantIbLb0EEE)
                  0100e880    000000d4     freertos_builds_CC3220SF_LAUNCHXL_release_ccs.lib : mqueue.obj (.text:mq_timedsend)
                  0100e954    000000d0     simplelink.a : driver.obj (.text:_SlDrvRemoveFromList)
                  0100ea24    000000d0     rtsv7M4_T_le_eabi.lib : s_scalbn.c.obj (.text:scalbn)
                  0100eaf4    000000cc     mqtt_release.a : mqttclient.oem4 (.text:processNotifyAckCB)
                  0100ebc0    000000ca     drivers_cc32xx.aem4 : UARTCC32XX.oem4 (.text:UARTCC32XX_write)
                  0100ec8a    000000c8                         : SPICC32XXDMA.oem4 (.text:spiHwiFxn)
                  0100ed52    00000002     rtsv7M4_T_le_eabi.lib : memory.cpp.obj (.text:_ZNSt3__219__shared_weak_countD1Ev)
                  0100ed54    000000c4     drivers_cc32xx.aem4 : GPIOCC32XX.oem4 (.text:GPIO_init)
                  0100ee18    000000c4                         : PWMTimerCC32XX.oem4 (.text:PWMTimerCC32XX_stop)
                  0100eedc    000000c4     freertos_builds_CC3220SF_LAUNCHXL_release_ccs.lib : tasks.obj (.text:prvAddNewTaskToReadyList)
                  0100efa0    000000c0     mqtt_release.a : mqttclient.oem4 (.text:MqttClientSub)
                  0100f060    000000c0     simplelink.a : cc_pal.obj (.text:NwpPowerOff)
                  0100f120    000000c0     MQTT.obj (.text:_ZN8nlohmann6detail10serializerINS_10basic_jsonINSt3__23mapENS3_6vectorENS3_12basic_stringIcNS3_11char_traitsIcEENS3_9allocatorIcEEEEbxydS9_NS_14adl_serializerEEEE12dump_integerIyLi0EEEvT_)
                  0100f1e0    000000c0     rtsv7M4_T_le_eabi.lib : string.cpp.obj (.text:_ZNSt3__212basic_stringIcNS_11char_traitsIcEENS_9allocatorIcEEE9__grow_byEjjjjjj)
                  0100f2a0    000000c0     drivers_cc32xx.aem4 : PowerCC32XX.oem4 (.text:restoreParkedPins)
                  0100f360    000000c0     simplelink.a : netcfg.obj (.text:sl_NetCfgGet)
                  0100f420    000000c0     freertos_builds_CC3220SF_LAUNCHXL_release_ccs.lib : port.obj (.text:xPortStartScheduler)
                  0100f4e0    000000be                                                       : queue.obj (.text:prvCopyDataToQueue)
                  0100f59e    00000002     rtsv7M4_T_le_eabi.lib : string.cpp.obj (.text:_ZNSt3__222__compressed_pair_elemINS_12basic_stringIcNS_11char_traitsIcEENS_9allocatorIcEEE5__repELi0ELb0EE5__getEv)
                  0100f5a0    000000bc     simplelink.a : netapp.obj (.text:_SlNetAppSendResponse)
                  0100f65c    000000bc     mqtt_release.a : client_core.oem4 (.text:clCtxConnStateTryLocked)
                  0100f718    000000bc     freertos_builds_CC3220SF_LAUNCHXL_release_ccs.lib : heap_4.obj (.text:prvHeapInit)
                  0100f7d4    000000bc                                                       : timers.obj (.text:prvSwitchTimerLists)
                  0100f890    000000bc     simplelink.a : sl_socket.obj (.text:sl_Send)
                  0100f94c    000000ba     drivers_cc32xx.aem4 : UARTCC32XX.oem4 (.text:UARTCC32XX_readPolling)
                  0100fa06    00000002     rtsv7M4_T_le_eabi.lib : string.cpp.obj (.text:_ZNSt3__222__compressed_pair_elemINS_9allocatorIcEELi1ELb1EEC1IS2_vEEOT_)
                  0100fa08    000000ba     freertos_builds_CC3220SF_LAUNCHXL_release_ccs.lib : portasm.obj (.text)
                  0100fac2    00000002     rtsv7M4_T_le_eabi.lib : stdlib_typeinfo.cpp.obj (.text:_ZNSt9type_infoD1Ev)
                  0100fac4    000000b8     drivers_cc32xx.aem4 : PWMTimerCC32XX.oem4 (.text:PWMTimerCC32XX_setDuty)
                  0100fb7c    000000b8                         : UARTCC32XXDMA.oem4 (.text:UARTCC32XXDMA_configDMA)
                  0100fc34    000000b8     simplelink.a : netapp.obj (.text:_SlNetAppHandleAsync_DnsGetHostByName)
                  0100fcec    000000b8                  : netapp.obj (.text:_SlNetAppHandleAsync_PingResponse)
                  0100fda4    000000b8     drivers_cc32xx.aem4 : UARTCC32XX.oem4 (.text:initHw)
                  0100fe5c    000000b8     simplelink.a : device.obj (.text:sl_DeviceGet)
                  0100ff14    000000b8                  : wlan.obj (.text:sl_WlanGet)
                  0100ffcc    000000b8     freertos_builds_CC3220SF_LAUNCHXL_release_ccs.lib : timer.obj (.text:timer_create)
                  01010084    000000b8                                                       : queue.obj (.text:xQueueGenericReset)
                  0101013c    000000b6     drivers_cc32xx.aem4 : UARTCC32XX.oem4 (.text:readTaskCallback)
                  010101f2    00000002     rtsv7M4_T_le_eabi.lib : _lock.c.obj (.text:_nop)
                  010101f4    000000b4     mqtt_release.a : mqttclient.oem4 (.text:MqttClient_send)
                  010102a8    000000b4     drivers_cc32xx.aem4 : UARTCC32XXDMA.oem4 (.text:UARTCC32XXDMA_hwiIntFxn)
                  0101035c    000000b4     simplelink.a : driver.obj (.text:_SlDrvHandleFatalError)
                  01010410    000000b4                  : netutil.obj (.text:_SlNetUtilHandleAsync_Cmd)
                  010104c4    000000b4     freertos_builds_CC3220SF_LAUNCHXL_release_ccs.lib : clock.obj (.text:_clock_abstime2ticks)
                  01010578    000000b4     simplelink.a : sl_socket.obj (.text:sl_GetSockOpt)
                  0101062c    000000b1     rtsv7M4_T_le_eabi.lib : _printfi.c.obj (.text:_ltostr)
                  010106dd    00000001     --HOLE-- [fill = 0]
                  010106de    00000002     freertos_builds_CC3220SF_LAUNCHXL_release_ccs.lib : startup_cc32xx_ccs.obj (.text:busFaultHandler)
                  010106e0    000000b0     slnetifwifi.a : slnetifwifi.obj (.text:SlNetIfWifi_getSockOpt)
                  01010790    000000b0     freertos_builds_CC3220SF_LAUNCHXL_release_ccs.lib : tasks.obj (.text:prvAddCurrentTaskToDelayedList)
                  01010840    000000b0                                                       : tasks.obj (.text:xTaskCheckForTimeOut)
                  010108f0    000000ae     slnetifwifi.a : slnetifwifi.obj (.text:matchModeByRole)
                  0101099e    000000ae     freertos_builds_CC3220SF_LAUNCHXL_release_ccs.lib : queue.obj (.text:prvUnlockQueue)
                  01010a4c    000000ae     drivers_cc32xx.aem4 : UARTCC32XX.oem4 (.text:readIsrTextBlocking)
                  01010afa    00000002     freertos_builds_CC3220SF_LAUNCHXL_release_ccs.lib : startup_cc32xx_ccs.obj (.text:defaultHandler)
                  01010afc    000000ac     uart_term.obj (.text:GetCmd)
                  01010ba8    000000ac     simplelink.a : sl_socket.obj (.text:_SlSocketHandleAsync_Close)
                  01010c54    000000ac                  : sl_socket.obj (.text:_SlSocketHandleAsync_Connect)
                  01010d00    000000ac     freertos_builds_CC3220SF_LAUNCHXL_release_ccs.lib : clock.obj (.text:clock_gettime)
                  01010dac    000000a8     driverlib.a : interrupt.obj (.text:IntDisable)
                  01010e54    000000a8                 : interrupt.obj (.text:IntEnable)
                  01010efc    000000a8                 : prcm.obj (.text:PRCMPeripheralClockGet)
                  01010fa4    000000a8     drivers_cc32xx.aem4 : PowerCC32XX.oem4 (.text:PowerCC32XX_configureWakeup)
                  0101104c    000000a8     MQTT.obj (.text:_ZN8nlohmann6detail10serializerINS_10basic_jsonINSt3__23mapENS3_6vectorENS3_12basic_stringIcNS3_11char_traitsIcEENS3_9allocatorIcEEEEbxydS9_NS_14adl_serializerEEEEC1ENS3_10shared_ptrINS0_23output_adapter_protocolIcEEEEcNS0_15error_handler_tE)
                  010110f4    000000a8     freertos_builds_CC3220SF_LAUNCHXL_release_ccs.lib : heap_4.obj (.text:prvInsertBlockIntoFreeList)
                  0101119c    000000a8     drivers_cc32xx.aem4 : UARTCC32XX.oem4 (.text:readTaskBlocking)
                  01011244    000000a8     simplelink.a : fs.obj (.text:sl_FsClose)
                  010112ec    000000a8     freertos_builds_CC3220SF_LAUNCHXL_release_ccs.lib : heap_4.obj (.text:vPortFree)
                  01011394    000000a8                                                       : tasks.obj (.text:xTaskRemoveFromEventList)
                  0101143c    000000a6     simplelink.a : driver.obj (.text:_SlDrvIsTimeoutExpired)
                  010114e2    00000002     freertos_builds_CC3220SF_LAUNCHXL_release_ccs.lib : startup_cc32xx_ccs.obj (.text:faultISR)
                  010114e4    000000a4     mqtt_release.a : mqttclient.oem4 (.text:MQTTClient_create)
                  01011588    000000a4                    : mqttclient.oem4 (.text:MqttClientConfig)
                  0101162c    000000a4     rtsv7M4_T_le_eabi.lib : string.cpp.obj (.text:_ZNSt3__212basic_stringIcNS_11char_traitsIcEENS_9allocatorIcEEE6appendEPKcj)
                  010116d0    000000a4     drivers_cc32xx.aem4 : PWMTimerCC32XX.oem4 (.text:initHw)
                  01011774    000000a4     simplelink.a : sl_socket.obj (.text:sl_Bind)
                  01011818    000000a2     drivers_cc32xx.aem4 : UARTCC32XX.oem4 (.text:readIsrTextCallback)
                  010118ba    000000a2                         : UARTCC32XX.oem4 (.text:writeData)
                  0101195c    000000a0     freertos_builds_CC3220SF_LAUNCHXL_release_ccs.lib : ClockP_freertos.obj (.text:ClockP_create)
                  010119fc    000000a0     simplelink.a : fs.obj (.text:FsGetCreateFsMode)
                  01011a9c    000000a0                  : sl_socket.obj (.text:_SlDrvUnRegisterForSelectAsync)
                  01011b3c    000000a0                  : driver.obj (.text:_SlSpawnMsgListProcess)
                  01011bdc    000000a0     rtsv7M4_T_le_eabi.lib : string.cpp.obj (.text:_ZNSt3__212basic_stringIcNS_11char_traitsIcEENS_9allocatorIcEEE9push_backEc)
                  01011c7c    0000009e     simplelink.a : cc_pal.obj (.text:spi_Read)
                  01011d1a    0000009e                  : cc_pal.obj (.text:spi_Write)
                  01011db8    0000009c     mqtt_release.a : client_core.oem4 (.text:MQTTClientCore_initLib)
                  01011e54    0000009c                    : client_core.oem4 (.text:MQTTClientCore_sendPubMsg)
                  01011ef0    0000009c     rtsv7M4_T_le_eabi.lib : string.cpp.obj (.text:_ZNSt3__212basic_stringIcNS_11char_traitsIcEENS_9allocatorIcEEE6appendEjc)
                  01011f8c    0000009c     mqtt_release.a : client_core.oem4 (.text:_msgDispatch)
                  01012028    0000009c     rtsv7M4_T_le_eabi.lib : memcpy_t2.asm.obj (.text)
                  010120c4    0000009a     mqtt_release.a : client_core.oem4 (.text:procPubMsgRx)
                  0101215e    00000002     freertos_builds_CC3220SF_LAUNCHXL_release_ccs.lib : startup_cc32xx_ccs.obj (.text:nmiISR)
                  01012160    00000098     drivers_cc32xx.aem4 : PWMTimerCC32XX.oem4 (.text:PWMTimerCC32XX_setPeriod)
                  010121f8    00000098                         : GPIOCC32XX.oem4 (.text:powerNotifyFxn)
                  01012290    00000096     mqtt_release.a : mqtt_net_func.oem4 (.text:MQTTNet_tcpSelect)
                  01012326    00000096     rtsv7M4_T_le_eabi.lib : ull_div_t2.asm.obj (.text)
                  010123bc    00000094     network_if.obj (.text:Network_IF_IpConfigGet)
                  01012450    00000094     simplelink.a : cc_pal.obj (.text:Semaphore_pend_handle)
                  010124e4    00000094     drivers_cc32xx.aem4 : SPICC32XXDMA.oem4 (.text:initHw)
                  01012578    00000094     freertos_builds_CC3220SF_LAUNCHXL_release_ccs.lib : tasks.obj (.text:vTaskStartScheduler)
                  0101260c    00000092     slnetsock_release.a : slnetsock.oem4 (.text:SlNetSock_create)
                  0101269e    00000002     rtsv7M4_T_le_eabi.lib : div0.asm.obj (.text)
                  010126a0    00000091     mqtt_client_app.obj (.text:_ZN41_INTERNAL_19_mqtt_client_app_cpp_9b99db7713DisplayBannerEPc)
                  01012731    00000001     --HOLE-- [fill = 0]
                  01012732    00000002     main_freertos.obj (.text:vApplicationMallocFailedHook)
                  01012734    00000090     slnetsock_release.a : slnetsock.oem4 (.text:SlNetSock_getVirtualSdConf)
                  010127c4    00000090     simplelink.a : device.obj (.text:_SlDeviceHandleAsync_Stop)
                  01012854    00000090                  : sl_socket.obj (.text:_SlSocketHandleAsync_Accept)
                  010128e4    00000090     MQTT.obj (.text:_ZNSt3__210shared_ptrIN8nlohmann6detail21output_string_adapterIcNS_12basic_stringIcNS_11char_traitsIcEENS_9allocatorIcEEEEEEE11make_sharedIJRS9_EEESB_DpOT_)
                  01012974    00000090     mqtt_release.a : mqttclient.oem4 (.text:processPublishRxCB)
                  01012a04    00000090     drivers_cc32xx.aem4 : PowerCC32XX.oem4 (.text:restoreNVICRegs)
                  01012a94    0000008c     mqtt_release.a : client_core.oem4 (.text:MQTTClientCore_createCtx)
                  01012b20    0000008c     slnetsock_release.a : slnetsock.oem4 (.text:SlNetSock_accept)
                  01012bac    0000008c     drivers_cc32xx.aem4 : UARTCC32XXDMA.oem4 (.text:UARTCC32XXDMA_write)
                  01012c38    0000008c     simplelink.a : driver.obj (.text:_SlDrvDriverIsApiAllowed)
                  01012cc4    0000008c     freertos_builds_CC3220SF_LAUNCHXL_release_ccs.lib : clock.obj (.text:_clock_gettimeMono)
                  01012d50    0000008c     simplelink.a : sl_socket.obj (.text:sl_Recv)
                  01012ddc    0000008a     uart_term.obj (.text:Report)
                  01012e66    0000008a     RPLidar.obj (.text:_ZN7RPLidar12_sendCommandEhPKvj)
                  01012ef0    00000088     drivers_cc32xx.aem4 : PWMTimerCC32XX.oem4 (.text:PWMTimerCC32XX_close)
                  01012f78    00000088     driverlib.a : pin.obj (.text:PinConfigSet)
                  01013000    00000088     simplelink.a : driver.obj (.text:_SlDrvProtectAsyncRespSetting)
                  01013088    00000088     freertos_builds_CC3220SF_LAUNCHXL_release_ccs.lib : mqueue.obj (.text:mq_receive)
                  01013110    00000088     mqtt_release.a : client_core.oem4 (.text:procConnackRx)
                  01013198    00000088     freertos_builds_CC3220SF_LAUNCHXL_release_ccs.lib : timers.obj (.text:prvProcessTimerOrBlockTask)
                  01013220    00000088     simplelink.a : eventreg.obj (.text:sl_UnregisterLibsEventHandler)
                  010132a8    00000088     mqtt_release.a : client_core.oem4 (.text:wrConnectPayload)
                  01013330    00000086     MQTT.obj (.text:_ZNSt3__227__tree_balance_after_insertIPNS_16__tree_node_baseIPvEEEEvT_S5_)
                  010133b6    00000086     rtsv7M4_T_le_eabi.lib : string.cpp.obj (.text:_ZNSt3__234_GLOBAL__N__10_string_cpp_11932bae9as_stringINS_12basic_stringIcNS_11char_traitsIcEENS_9allocatorIcEEEEPFYiPcjPKczEfEET_T0_SD_PKNSD_10value_typeET1_)
                  0101343c    00000086                           : fd_cmp_t2.asm.obj (.text:__aeabi_cdcmple)
                  010134c2    00000086                           : fd_cmp_t2.asm.obj (.text:__aeabi_cdrcmple)
                  01013548    00000084     drivers_cc32xx.aem4 : PowerCC32XX.oem4 (.text:Power_init)
                  010135cc    00000084     slnetifwifi.a : slnetifwifi.obj (.text:SlNetIfWifi_sockstartSec)
                  01013650    00000084     slnetsock_release.a : slnetutils.oem4 (.text:SlNetUtil_getHostByName)
                  010136d4    00000084     mqtt_release.a : client_core.oem4 (.text:mqpSetupProcCtxDataRecv)
                  01013758    00000084     drivers_cc32xx.aem4 : PowerCC32XX.oem4 (.text:saveNVICRegs)
                  010137dc    00000084     simplelink.a : sl_socket.obj (.text:sl_SetSockOpt)
                  01013860    00000084     freertos_builds_CC3220SF_LAUNCHXL_release_ccs.lib : timers.obj (.text:xTimerGenericCommand)
                  010138e4    00000080     drivers_cc32xx.aem4 : PowerCC32XX.oem4 (.text:Power_setDependency)
                  01013964    00000080                         : UARTCC32XXDMA.oem4 (.text:UARTCC32XXDMA_read)
                  010139e4    00000080     mqtt_client_app.obj (.text:_Z16MqttClientThreadPv)
                  01013a64    00000080     mqtt_release.a : client_core.oem4 (.text:clCtxPartSend)
                  01013ae4    00000080     freertos_builds_CC3220SF_LAUNCHXL_release_ccs.lib : timers.obj (.text:prvProcessExpiredTimer)
                  01013b64    00000080                                                       : timer.obj (.text:timer_gettime)
                  01013be4    0000007c     drivers_cc32xx.aem4 : UDMACC32XX.oem4 (.text:UDMACC32XX_open)
                  01013c60    0000007c     MQTT.obj (.text:_ZNSt3__216allocator_traitsINS_9allocatorINS_11__tree_nodeINS_12__value_typeINS_12basic_stringIcNS_11char_traitsIcEENS1_IcEEEEN8nlohmann10basic_jsonINS_3mapENS_6vectorES8_bxydS1_NS9_14adl_serializerEEEEEPvEEEEE7destroyINS_4pairIKS8_SE_EEEEvRSI_PT_)
                  01013cdc    0000007c     rtsv7M4_T_le_eabi.lib : fflush.c.obj (.text:fflush)
                  01013d58    0000007c     mqtt_release.a : client_core.oem4 (.text:procCtxDataRecv)
                  01013dd4    0000007c     drivers_cc32xx.aem4 : UARTCC32XX.oem4 (.text:readIsrBinaryBlocking)
                  01013e50    0000007a                         : UARTCC32XXDMA.oem4 (.text:UARTCC32XXDMA_readPolling)
                  01013eca    0000007a     freertos_builds_CC3220SF_LAUNCHXL_release_ccs.lib : pthread.obj (.text:removeThreadKeys)
                  01013f44    0000007a     rtsv7M4_T_le_eabi.lib : fs_mul_t2.asm.obj (.text)
                  01013fbe    0000007a                           : memset_t2.asm.obj (.text)
                  01014038    0000007a     freertos_builds_CC3220SF_LAUNCHXL_release_ccs.lib : tasks.obj (.text:xTaskCreate)
                  010140b2    00000002     main_freertos.obj (.text:vApplicationStackOverflowHook)
                  010140b4    00000078     drivers_cc32xx.aem4 : GPIOCC32XX.oem4 (.text:GPIO_hwiIntFxn)
                  0101412c    00000078     mqtt_release.a : mqtt_net_func.oem4 (.text:MQTTNet_recvFrom)
                  010141a4    00000078     rtsv7M4_T_le_eabi.lib : vla_alloc.c.obj (.text:_ZN33_INTERNAL_11_vla_alloc_c_be8bd49b21free_dead_allocationsEPv)
                  0101421c    00000078     RPLidar.obj (.text:_ZN7RPLidar9startScanEbj)
                  01014294    00000078     rtsv7M4_T_le_eabi.lib : vla_alloc.c.obj (.text:__vla_dealloc)
                  0101430c    00000078     freertos_builds_CC3220SF_LAUNCHXL_release_ccs.lib : timers.obj (.text:prvInsertTimerInActiveList)
                  01014384    00000078     drivers_cc32xx.aem4 : UARTCC32XX.oem4 (.text:readIsrBinaryCallback)
                  010143fc    00000078     simplelink.a : sl_socket.obj (.text:sl_Socket)
                  01014474    00000076     rtsv7M4_T_le_eabi.lib : string.cpp.obj (.text:_ZNSt3__212basic_stringIcNS_11char_traitsIcEENS_9allocatorIcEEE6resizeEjc)
                  010144ea    00000002     --HOLE-- [fill = 0]
                  010144ec    00000074     mqtt_release.a : mqtt_net_func.oem4 (.text:MQTTNet_tcpAccept)
                  01014560    00000074     slnetsock_release.a : slnetsock.oem4 (.text:SlNetSock_AllocVirtualSocket)
                  010145d4    00000074     drivers_cc32xx.aem4 : UARTCC32XX.oem4 (.text:UARTCC32XX_hwiIntFxn)
                  01014648    00000074     mqtt_client_app.obj (.text:_Z27pushButtonInterruptHandler3h)
                  010146bc    00000074     RPLidar.obj (.text:_ZN7RPLidarC1Ev)
                  01014730    00000074     rtsv7M4_T_le_eabi.lib : string.cpp.obj (.text:_ZNSt3__212basic_stringIcNS_11char_traitsIcEENS_9allocatorIcEEE6__initEPKcj)
                  010147a4    00000074                           : fclose.c.obj (.text:__TI_closefile)
                  01014818    00000074     mqtt_release.a : client_core.oem4 (.text:groupCtxsRxPrep)
                  0101488c    00000074     freertos_builds_CC3220SF_LAUNCHXL_release_ccs.lib : tasks.obj (.text:prvInitialiseTaskLists)
                  01014900    00000074                                                       : pthread_mutex.obj (.text:pthread_mutex_init)
                  01014974    00000074                                                       : port.obj (.text:vPortValidateInterruptPriority)
                  010149e8    00000072     mqtt_release.a : mqtt_common.oem4 (.text:MQTT_packetProcPubRx)
                  01014a5a    00000002     --HOLE-- [fill = 0]
                  01014a5c    00000070     simplelink.a : driver.obj (.text:_SlDrvCmdSend_noLock)
                  01014acc    00000070     MQTT.obj (.text:_ZN8nlohmann10basic_jsonINSt3__23mapENS1_6vectorENS1_12basic_stringIcNS1_11char_traitsIcEENS1_9allocatorIcEEEEbxydS7_NS_14adl_serializerEED1Ev)
                  01014b3c    00000070     mqtt_client_app.obj (.text:_ZNSt3__26__treeINS_12__value_typeINS_12basic_stringIcNS_11char_traitsIcEENS_9allocatorIcEEEEN8nlohmann10basic_jsonINS_3mapENS_6vectorES7_bxydS5_NS8_14adl_serializerEEEEENS_19__map_value_compareIS7_SE_NS_4lessIvEELb1EEENS5_ISE_EEE16__construct_nodeIJRKNS_21piecewise_construct_tENS_5tupleIJOS7_EEENSP_IJEEEEEENS_10unique_ptrINS_11__tree_nodeISE_PvEENS_22__tree_node_destructorINS5_ISW_EEEEEEDpOT_)
                  01014bac    00000070     freertos_builds_CC3220SF_LAUNCHXL_release_ccs.lib : ClockP_freertos.obj (.text:setClockObjTimeout)
                  01014c1c    0000006e     rtsv7M4_T_le_eabi.lib : _printfi.c.obj (.text:_mcpy)
                  01014c8a    00000002     --HOLE-- [fill = 0]
                  01014c8c    0000006c                           : hostrename.c.obj (.text:HOSTrename)
                  01014cf8    0000006c     mqtt_release.a : mqttclient.oem4 (.text:MQTTClient_run)
                  01014d64    0000006c     slnetsock_release.a : slnetutils.oem4 (.text:SlNetUtil_str2BinIpV4)
                  01014dd0    0000006c     simplelink.a : device.obj (.text:_SlDeviceHandleResetRequestInternally)
                  01014e3c    0000006c                  : sl_socket.obj (.text:_SlDrvOpenCtrlSocket)
                  01014ea8    0000006c                  : netapp.obj (.text:_SlNetAppSendTokenValue)
                  01014f14    0000006c     mqtt_client_app.obj (.text:_ZNSt3__26__treeINS_12__value_typeINS_12basic_stringIcNS_11char_traitsIcEENS_9allocatorIcEEEEN8nlohmann10basic_jsonINS_3mapENS_6vectorES7_bxydS5_NS8_14adl_serializerEEEEENS_19__map_value_compareIS7_SE_NS_4lessIvEELb1EEENS5_ISE_EEE16__construct_nodeIJRKNS_21piecewise_construct_tENS_5tupleIJRKS7_EEENSP_IJEEEEEENS_10unique_ptrINS_11__tree_nodeISE_PvEENS_22__tree_node_destructorINS5_ISX_EEEEEEDpOT_)
                  01014f80    0000006a     mqtt_release.a : mqtt_net_func.oem4 (.text:MQTTNet_sendTo)
                  01014fea    00000002     --HOLE-- [fill = 0]
                  01014fec    00000068     rtsv7M4_T_le_eabi.lib : hostlseek.c.obj (.text:HOSTlseek)
                  01015054    00000068     mqtt_release.a : mqtt_common.oem4 (.text:MQTT_qos2PubCqUnlog)
                  010150bc    00000068     drivers_cc32xx.aem4 : PWMTimerCC32XX.oem4 (.text:PWMTimerCC32XX_start)
                  01015124    00000068     simplelink.a : driver.obj (.text:_SlSpawnMsgListGetCount)
                  0101518c    00000068     rtsv7M4_T_le_eabi.lib : copy_decompress_lzss.c.obj (.text:decompress:lzss:__TI_decompress_lzss)
                  010151f4    00000068     simplelink.a : cc_pal.obj (.text:spi_Open)
                  0101525c    00000066     drivers_cc32xx.aem4 : UARTCC32XX.oem4 (.text:UARTCC32XX_writeCancel)
                  010152c2    00000066     freertos_builds_CC3220SF_LAUNCHXL_release_ccs.lib : timers.obj (.text:prvInitialiseNewTimer)
                  01015328    00000066                                                       : memory.obj (.text:realloc)
                  0101538e    00000066                                                       : list.obj (.text:vListInsert)
                  010153f4    00000064                                                       : ClockP_freertos.obj (.text:ClockP_stop)
                  01015458    00000064     mqtt_release.a : mqtt_common.oem4 (.text:MQTT_packetPubAppendTopic)
                  010154bc    00000064     drivers_cc32xx.aem4 : PowerCC32XX.oem4 (.text:PowerCC32XX_setParkState)
                  01015520    00000064     MQTT.obj (.text:_ZNK8nlohmann10basic_jsonINSt3__23mapENS1_6vectorENS1_12basic_stringIcNS1_11char_traitsIcEENS1_9allocatorIcEEEEbxydS7_NS_14adl_serializerEE16assert_invariantEv)
                  01015584    00000064     freertos_builds_CC3220SF_LAUNCHXL_release_ccs.lib : pthread_mutex.obj (.text:acquireMutex)
                  010155e8    00000064     mqtt_release.a : client_core.oem4 (.text:clientReset)
                  0101564c    00000064                    : client_core.oem4 (.text:doNetClose)
                  010156b0    00000064     rtsv7M4_T_le_eabi.lib : fseek.c.obj (.text:fseek)
                  01015714    00000064     freertos_builds_CC3220SF_LAUNCHXL_release_ccs.lib : tasks.obj (.text:prvGetExpectedIdleTime)
                  01015778    00000062     drivers_cc32xx.aem4 : UARTCC32XX.oem4 (.text:UARTCC32XX_writePolling)
                  010157da    00000062     rtsv7M4_T_le_eabi.lib : _io_perm.c.obj (.text:__TI_wrt_ok)
                  0101583c    00000060                           : hostopen.c.obj (.text:HOSTopen)
                  0101589c    00000060     freertos_builds_CC3220SF_LAUNCHXL_release_ccs.lib : HwiPCC32XX_freertos.obj (.text:HwiP_create)
                  010158fc    00000060     driverlib.a : prcm.obj (.text:PRCMSysResetCauseGet)
                  0101595c    00000060     slnetsock_release.a : slnetsock.oem4 (.text:SlNetSock_recvFrom)
                  010159bc    00000060                         : slnetsock.oem4 (.text:SlNetSock_sendTo)
                  01015a1c    00000060     drivers_cc32xx.aem4 : UARTCC32XXDMA.oem4 (.text:UARTCC32XXDMA_control)
                  01015a7c    00000060     rtsv7M4_T_le_eabi.lib : fs_cmp_t2.asm.obj (.text:__aeabi_cfcmple)
                  01015adc    00000060     freertos_builds_CC3220SF_LAUNCHXL_release_ccs.lib : pthread_mutex.obj (.text:pthread_mutex_unlock)
                  01015b3c    00000060                                                       : queue.obj (.text:xQueueGenericCreate)
                  01015b9c    0000005e     slnetifwifi.a : slnetifwifi.obj (.text:SlNetIfWifi_setSockOpt)
                  01015bfa    0000005e     freertos_builds_CC3220SF_LAUNCHXL_release_ccs.lib : semaphore.obj (.text:sem_timedwait)
                  01015c58    0000005c     drivers_cc32xx.aem4 : GPIOCC32XX.oem4 (.text:GPIO_setCallback)
                  01015cb4    0000005c     mqtt_release.a : mqtt_net_func.oem4 (.text:MQTTNet_tcpListen)
                  01015d10    0000005c     simplelink.a : spawn.obj (.text:_SlInternalSpawn)
                  01015d6c    0000005c     freertos_builds_CC3220SF_LAUNCHXL_release_ccs.lib : memory.obj (.text:calloc)
                  01015dc8    0000005c     rtsv7M4_T_le_eabi.lib : close.c.obj (.text:close)
                  01015e24    0000005c                           : s_frexp.c.obj (.text:frexp)
                  01015e80    0000005c     freertos_builds_CC3220SF_LAUNCHXL_release_ccs.lib : tasks.obj (.text:prvIdleTask)
                  01015edc    0000005c                                                       : pthread.obj (.text:pthread_exit)
                  01015f38    0000005c                                                       : queue.obj (.text:vQueueWaitForMessageRestricted)
                  01015f94    0000005c                                                       : tasks.obj (.text:vTaskDelay)
                  01015ff0    0000005a     rtsv7M4_T_le_eabi.lib : string.cpp.obj (.text:_ZNKSt3__234_GLOBAL__N__10_string_cpp_11932bae14initial_stringINS_12basic_stringIcNS_11char_traitsIcEENS_9allocatorIcEEEEfLb1EEclEv)
                  0101604a    00000002     --HOLE-- [fill = 0]
                  0101604c    00000058     drivers_cc32xx.aem4 : GPIOCC32XX.oem4 (.text:GPIO_write)
                  010160a4    00000058     rtsv7M4_T_le_eabi.lib : hostread.c.obj (.text:HOSTread)
                  010160fc    00000058                           : hostwrite.c.obj (.text:HOSTwrite)
                  01016154    00000058     driverlib.a : interrupt.obj (.text:IntPendClear)
                  010161ac    00000058                 : prcm.obj (.text:PRCMPeripheralReset)
                  01016204    00000058     drivers_cc32xx.aem4 : PowerCC32XX.oem4 (.text:Power_releaseDependency)
                  0101625c    00000058     slnetsock_release.a : slnetsock.oem4 (.text:SlNetSock_recv)
                  010162b4    00000058                         : slnetsock.oem4 (.text:SlNetSock_send)
                  0101630c    00000058     simplelink.a : sl_socket.obj (.text:_SlDrvClearCtrlSocket)
                  01016364    00000058     mqtt_client_app.obj (.text:_ZN8nlohmann10basic_jsonINSt3__23mapENS1_6vectorENS1_12basic_stringIcNS1_11char_traitsIcEENS1_9allocatorIcEEEEbxydS7_NS_14adl_serializerEE5clearEv)
                  010163bc    00000058     mqtt_release.a : client_core.oem4 (.text:clRecv)
                  01016414    00000058     freertos_builds_CC3220SF_LAUNCHXL_release_ccs.lib : tasks.obj (.text:eTaskConfirmSleepModeStatus)
                  0101646c    00000058     main_freertos.obj (.text:main)
                  010164c4    00000058     mqtt_release.a : client_core.oem4 (.text:singleCtxKaSequence)
                  0101651c    00000058     simplelink.a : sl_socket.obj (.text:sl_Listen)
                  01016574    00000058                  : eventreg.obj (.text:sl_RegisterLibsEventHandler)
                  010165cc    00000058     freertos_builds_CC3220SF_LAUNCHXL_release_ccs.lib : port.obj (.text:vPortSetupTimerInterrupt)
                  01016624    00000058                                                       : queue.obj (.text:xQueueCreateCountingSemaphore)
                  0101667c    00000058                                                       : queue.obj (.text:xQueueTakeMutexRecursive)
                  010166d4    00000056     mqtt_release.a : mqtt_common.oem4 (.text:MQTT_packetPubAppendData)
                  0101672a    00000056     freertos_builds_CC3220SF_LAUNCHXL_release_ccs.lib : SemaphoreP_freertos.obj (.text:SemaphoreP_create)
                  01016780    00000056     mqtt_client_app.obj (.text:_ZNSt3__26__treeINS_12__value_typeINS_12basic_stringIcNS_11char_traitsIcEENS_9allocatorIcEEEEN8nlohmann10basic_jsonINS_3mapENS_6vectorES7_bxydS5_NS8_14adl_serializerEEEEENS_19__map_value_compareIS7_SE_NS_4lessIvEELb1EEENS5_ISE_EEE25__emplace_unique_key_argsIS7_JRKNS_21piecewise_construct_tENS_5tupleIJOS7_EEENSP_IJEEEEEENS_4pairINS_15__tree_iteratorISE_PNS_11__tree_nodeISE_PvEEiEEbEERKT_DpOT0_)
                  010167d6    00000056     mqtt_client_app.obj (.text:_ZNSt3__26__treeINS_12__value_typeINS_12basic_stringIcNS_11char_traitsIcEENS_9allocatorIcEEEEN8nlohmann10basic_jsonINS_3mapENS_6vectorES7_bxydS5_NS8_14adl_serializerEEEEENS_19__map_value_compareIS7_SE_NS_4lessIvEELb1EEENS5_ISE_EEE25__emplace_unique_key_argsIS7_JRKNS_21piecewise_construct_tENS_5tupleIJRKS7_EEENSP_IJEEEEEENS_4pairINS_15__tree_iteratorISE_PNS_11__tree_nodeISE_PvEEiEEbEERKT_DpOT0_)
                  0101682c    00000056     rtsv7M4_T_le_eabi.lib : _printfi.c.obj (.text:_pconv_f)
                  01016882    00000056     mqtt_release.a : client_core.oem4 (.text:procAckMsgRx)
                  010168d8    00000054     freertos_builds_CC3220SF_LAUNCHXL_release_ccs.lib : ClockP_freertos.obj (.text:ClockP_delete)
                  0101692c    00000054     driverlib.a : interrupt.obj (.text:IntPrioritySet)
                  01016980    00000054     mqtt_release.a : client_core.oem4 (.text:MQTTClientCore_sendDisconn)
                  010169d4    00000054     simplelink.a : driver.obj (.text:_SlDrvRxIrqHandler)
                  01016a28    00000054     mqtt_release.a : client_core.oem4 (.text:grpNetSetupCreate)
                  01016a7c    00000054     rtsv7M4_T_le_eabi.lib : ltoa.c.obj (.text:ltoa)
                  01016ad0    00000054     drivers_cc32xx.aem4 : UARTCC32XX.oem4 (.text:ringBufGet)
                  01016b24    00000054     freertos_builds_CC3220SF_LAUNCHXL_release_ccs.lib : timers.obj (.text:xTimerCreateTimerTask)
                  01016b78    00000052     drivers_cc32xx.aem4 : PowerCC32XX_asm.oem4 (.text:PowerCC32XX_resumeLPDS)
                  01016bca    00000052     rtsv7M4_T_le_eabi.lib : _printfi.c.obj (.text:_ecpy)
                  01016c1c    00000050     simplelink.a : cc_pal.obj (.text:NwpRegisterInterruptHandler)
                  01016c6c    00000050     slnetsock_release.a : slnetif.oem4 (.text:SlNetIf_queryIf)
                  01016cbc    00000050     drivers_cc32xx.aem4 : TimerCC32XX.oem4 (.text:TimerCC32XX_allocateTimerResource)
                  01016d0c    00000050                         : UARTCC32XXDMA.oem4 (.text:UARTCC32XXDMA_writePolling)
                  01016d5c    00000050     simplelink.a : sl_socket.obj (.text:_SlDrvCloseCtrlSocket)
                  01016dac    00000050                  : driver.obj (.text:_SlDrvCmdSend_noWait)
                  01016dfc    00000050                  : driver.obj (.text:_SlDrvUpdateApiInProgress)
                  01016e4c    00000050                  : spawn.obj (.text:_SlInternalSpawnTaskEntry)
                  01016e9c    00000050                  : eventreg.obj (.text:_SlNetAppHttpServerHdlr)
                  01016eec    00000050                  : eventreg.obj (.text:_SlNetAppRequestHdlr)
                  01016f3c    00000050     mqtt_client_app.obj (.text:_Z29SetClientIdNamefromMacAddressv)
                  01016f8c    00000050     mqtt_release.a : client_core.oem4 (.text:_procAckMsgRx)
                  01016fdc    00000050     freertos_builds_CC3220SF_LAUNCHXL_release_ccs.lib : port.obj (.text:pxPortInitialiseStack)
                  0101702c    00000050                                                       : semaphore.obj (.text:sem_init)
                  0101707c    00000050                                                       : queue.obj (.text:xQueueGiveMutexRecursive)
                  010170cc    0000004e     mqtt_release.a : client_core.oem4 (.text:MQTTClientCore_registerWillInfo)
                  0101711a    0000004e     drivers_cc32xx.aem4 : UARTCC32XXDMA.oem4 (.text:writeCancel)
                  01017168    0000004c                         : GPIOCC32XX.oem4 (.text:GPIO_disableInt)
                  010171b4    0000004c                         : GPIOCC32XX.oem4 (.text:GPIO_enableInt)
                  01017200    0000004c     simplelink.a : cc_pal.obj (.text:NwpWaitForShutDownInd)
                  0101724c    0000004c     drivers_cc32xx.aem4 : PowerCC32XX.oem4 (.text:PowerCC32XX_parkPin)
                  01017298    0000004c     slnetifwifi.a : slnetifwifi.obj (.text:SlNetIfWifi_getConnectionStatus)
                  010172e4    0000004c     slnetsock_release.a : slnetsock.oem4 (.text:SlNetSock_freeVirtualSocket)
                  01017330    0000004c                         : slnetsock.oem4 (.text:SlNetSock_startSec)
                  0101737c    0000004c     uart_term.obj (.text:TrimSpace)
                  010173c8    0000004c     MQTT.obj (.text:_ZN8nlohmann6detail10serializerINS_10basic_jsonINSt3__23mapENS3_6vectorENS3_12basic_stringIcNS3_11char_traitsIcEENS3_9allocatorIcEEEEbxydS9_NS_14adl_serializerEEEE12count_digitsEy)
                  01017414    0000004c     rtsv7M4_T_le_eabi.lib : string.cpp.obj (.text:_ZNSt3__212basic_stringIcNS_11char_traitsIcEENS_9allocatorIcEEE5clearEv)
                  01017460    0000004c                           : string.cpp.obj (.text:_ZNSt3__212basic_stringIcNS_11char_traitsIcEENS_9allocatorIcEEEC1ERKS5_)
                  010174ac    0000004c                           : fflush.c.obj (.text:__TI_doflush)
                  010174f8    0000004c     mqtt_release.a : client_core.oem4 (.text:ack1WlMqpDispatch)
                  01017544    0000004c     rtsv7M4_T_le_eabi.lib : atoi.c.obj (.text:atoi)
                  01017590    0000004c     drivers_cc32xx.aem4 : PWMTimerCC32XX.oem4 (.text:getDutyCounts)
                  010175dc    0000004c                         : PWMTimerCC32XX.oem4 (.text:getPeriodCounts)
                  01017628    0000004c     freertos_builds_CC3220SF_LAUNCHXL_release_ccs.lib : startup_cc32xx_ccs.obj (.text:initVectors)
                  01017674    0000004c     mqtt_release.a : client_core.oem4 (.text:loopbTrigger)
                  010176c0    0000004c     freertos_builds_CC3220SF_LAUNCHXL_release_ccs.lib : timers.obj (.text:prvCheckForValidListAndQueue)
                  0101770c    0000004c                                                       : tasks.obj (.text:prvCheckTasksWaitingTermination)
                  01017758    0000004c     drivers_cc32xx.aem4 : PowerCC32XX.oem4 (.text:restorePeriphClocks)
                  010177a4    0000004c     mqtt_release.a : client_core.oem4 (.text:singleCtxRxPrep)
                  010177f0    0000004c     simplelink.a : wlan.obj (.text:sl_WlanSetMode)
                  0101783c    0000004c     rtsv7M4_T_le_eabi.lib : snprintf.c.obj (.text:snprintf)
                  01017888    0000004c     freertos_builds_CC3220SF_LAUNCHXL_release_ccs.lib : port.obj (.text:vPortEnterCritical)
                  010178d4    0000004c                                                       : tasks.obj (.text:vTaskSetThreadLocalStoragePointer)
                  01017920    0000004a     mqtt_release.a : client_core.oem4 (.text:clCtxRecv)
                  0101796a    0000004a     drivers_cc32xx.aem4 : UARTCC32XXDMA.oem4 (.text:readCancel)
                  010179b4    00000048     driverlib.a : flash.obj (.text:FlashDisable)
                  010179fc    00000048     freertos_builds_CC3220SF_LAUNCHXL_release_ccs.lib : HwiPCC32XX_freertos.obj (.text:HwiP_dispatch)
                  01017a44    00000048     uart_term.obj (.text:InitTerm)
                  01017a8c    00000048     mqtt_release.a : mqttclient.oem4 (.text:MQTTClient_set)
                  01017ad4    00000048     driverlib.a : prcm.obj (.text:PRCMLPDSEnter)
                  01017b1c    00000048                 : prcm.obj (.text:PRCMPeripheralClkEnable)
                  01017b64    00000048     drivers_cc32xx.aem4 : PowerCC32XX.oem4 (.text:Power_releaseConstraint)
                  01017bac    00000048     slnetsock_release.a : slnetsock.oem4 (.text:SlNetSock_connect)
                  01017bf4    00000048                         : slnetsock.oem4 (.text:SlNetSock_init)
                  01017c3c    00000048                         : slnetsock.oem4 (.text:SlNetSock_setOpt)
                  01017c84    00000048     simplelink.a : eventreg.obj (.text:_SlDeviceFatalErrorEvtHdlr)
                  01017ccc    00000048                  : eventreg.obj (.text:_SlDeviceGeneralEvtHdlr)
                  01017d14    00000048                  : driver.obj (.text:_SlDrvBasicCmd)
                  01017d5c    00000048                  : driver.obj (.text:_SlDrvSyncObjWaitTimeout)
                  01017da4    00000048                  : eventreg.obj (.text:_SlNetAppEvtHdlr)
                  01017dec    00000048                  : eventreg.obj (.text:_SlNetAppRequestMemFree)
                  01017e34    00000048                  : eventreg.obj (.text:_SlSockEvtHdlr)
                  01017e7c    00000048                  : eventreg.obj (.text:_SlWlanEvtHdlr)
                  01017ec4    00000048     mqtt_release.a : client_core.oem4 (.text:bufUTF8WrTry)
                  01017f0c    00000048                    : client_core.oem4 (.text:clCtxSetup)
                  01017f54    00000048     rtsv7M4_T_le_eabi.lib : exit.c.obj (.text:exit)
                  01017f9c    00000048                           : fd_toi_t2.asm.obj (.text)
                  01017fe4    00000048     freertos_builds_CC3220SF_LAUNCHXL_release_ccs.lib : sleep.obj (.text:sleep)
                  0101802c    00000048                                                       : list.obj (.text:uxListRemove)
                  01018074    00000048     mqtt_release.a : client_core.oem4 (.text:wrConnectVh)
                  010180bc    00000046     drivers_cc32xx.aem4 : RingBuf.oem4 (.text:RingBuf_put)
                  01018102    00000002     --HOLE-- [fill = 0]
                  01018104    00000044     rtsv7M4_T_le_eabi.lib : hostclose.c.obj (.text:HOSTclose)
                  01018148    00000044                           : hostunlink.c.obj (.text:HOSTunlink)
                  0101818c    00000044     mqtt_release.a : client_core.oem4 (.text:MQTTClientCore_run)
                  010181d0    00000044                    : mqtt_net_func.oem4 (.text:MQTTNet_tcpRecv)
                  01018214    00000044     client_cbs.obj (.text:MQTT_SendMsgToQueue)
                  01018258    00000044     driverlib.a : prcm.obj (.text:PRCMLPDSRestoreInfoSet)
                  0101829c    00000044     drivers_cc32xx.aem4 : PWM.oem4 (.text:PWM_init)
                  010182e0    00000044                         : PowerCC32XX_asm.oem4 (.text:PowerCC32XX_enterLPDS)
                  01018324    00000044                         : SPI.oem4 (.text:SPI_init)
                  01018368    00000044     slnetsock_release.a : slnetutils.oem4 (.text:SlNetUtil_strTok)
                  010183ac    00000044     drivers_cc32xx.aem4 : UART.oem4 (.text:UART_init)
                  010183f0    00000044     rtsv7M4_T_le_eabi.lib : autoinit.c.obj (.text:__TI_auto_init_nobinit_nopinit:__TI_auto_init_nobinit_nopinit)
                  01018434    00000044                           : getdevice.c.obj (.text:getdevice)
                  01018478    00000044     freertos_builds_CC3220SF_LAUNCHXL_release_ccs.lib : queue.obj (.text:prvInitialiseNewQueue)
                  010184bc    00000044                                                       : tasks.obj (.text:vTaskStepTick)
                  01018500    00000044     mqtt_release.a : client_core.oem4 (.text:vhMsgSend)
                  01018544    00000042                    : mqtt_common.oem4 (.text:MQTT_packetBufRdRemlen)
                  01018586    00000042     freertos_builds_CC3220SF_LAUNCHXL_release_ccs.lib : memory.obj (.text:malloc)
                  010185c8    00000040     simplelink.a : sl_socket.obj (.text:CountSetBits)
                  01018608    00000040     mqtt_release.a : client_core.oem4 (.text:MQTTClientCore_registerCtxInfo)
                  01018648    00000040     drivers_cc32xx.aem4 : PWM.oem4 (.text:PWM_open)
                  01018688    00000040     driverlib.a : pin.obj (.text:PinModeSet)
                  010186c8    00000040     drivers_cc32xx.aem4 : RingBuf.oem4 (.text:RingBuf_get)
                  01018708    00000040                         : SPI.oem4 (.text:SPI_open)
                  01018748    00000040     slnetsock_release.a : slnetsock.oem4 (.text:SlNetSock_bind)
                  01018788    00000040                         : slnetsock.oem4 (.text:SlNetSock_secAttribSet)
                  010187c8    00000040     drivers_cc32xx.aem4 : UARTCC32XX.oem4 (.text:UARTCC32XX_read)
                  01018808    00000040                         : UART.oem4 (.text:UART_open)
                  01018848    00000040                         : UDMACC32XX.oem4 (.text:UDMACC32XX_init)
                  01018888    00000040     simplelink.a : driver.obj (.text:_SlDrvGlobalObjUnLock)
                  010188c8    00000040                  : driver.obj (.text:_SlFindAndReleasePendingCmd)
                  01018908    00000040                  : spawn.obj (.text:_SlInternalSpawnWaitForEvent)
                  01018948    00000040                  : eventreg.obj (.text:_SlIsEventRegistered)
                  01018988    00000040     mqtt_client_app.obj (.text:_Z20LedTimerConfigNStartv)
                  010189c8    00000040     freertos_builds_CC3220SF_LAUNCHXL_release_ccs.lib : aeabi_portable.obj (.text:__aeabi_errno_addr)
                  01018a08    00000040     mqtt_release.a : mqttclient.oem4 (.text:_sl_ExtLib_ServerAckLockedWait)
                  01018a48    00000040                    : client_core.oem4 (.text:netConnect)
                  01018a88    00000040     freertos_builds_CC3220SF_LAUNCHXL_release_ccs.lib : tasks.obj (.text:vTaskPlaceOnEventListRestricted)
                  01018ac8    00000040     rtsv7M4_T_le_eabi.lib : vsnprintf.c.obj (.text:vsnprintf)
                  01018b08    0000003e     freertos_builds_CC3220SF_LAUNCHXL_release_ccs.lib : ClockP_freertos.obj (.text:ClockP_callbackFxn)
                  01018b46    0000003e     mqtt_release.a : mqtt_common.oem4 (.text:MQTT_packetAckWlistRemove)
                  01018b84    0000003e                    : mqtt_common.oem4 (.text:MQTT_packetBufTailWrRemlen)
                  01018bc2    0000003e     slnetsock_release.a : slnetsock.oem4 (.text:SlNetSock_close)
                  01018c00    0000003e     simplelink.a : sl_socket.obj (.text:_SlSocketBuildAddress)
                  01018c3e    0000003e     rtsv7M4_T_le_eabi.lib : _printfi.c.obj (.text:_fcpy)
                  01018c7c    0000003e     mqtt_release.a : client_core.oem4 (.text:clCtxSeg1Send)
                  01018cba    0000003e                    : client_core.oem4 (.text:procPingrspRx)
                  01018cf8    0000003e     freertos_builds_CC3220SF_LAUNCHXL_release_ccs.lib : pthread.obj (.text:pthread_setcancelstate)
                  01018d36    0000003e                                                       : semaphore.obj (.text:sem_post)
                  01018d74    0000003c     mqtt_release.a : client_core.oem4 (.text:MQTTClientCore_registerBuffers)
                  01018db0    0000003c                    : mqttclient.oem4 (.text:MQTTClient_disconnect)
                  01018dec    0000003c                    : mqtt_common.oem4 (.text:MQTT_qos2PubCqCheck)
                  01018e28    0000003c     driverlib.a : prcm.obj (.text:PRCMSlowClkCtrFastGet)
                  01018e64    0000003c     drivers_cc32xx.aem4 : PowerCC32XX.oem4 (.text:Power_setConstraint)
                  01018ea0    0000003c     simplelink.a : netapp.obj (.text:_SlNetAppCopyPingResultsToReport)
                  01018edc    0000003c     MQTT.obj (.text:_ZNSt3__214__split_bufferIN8nlohmann10basic_jsonINS_3mapENS_6vectorENS_12basic_stringIcNS_11char_traitsIcEENS_9allocatorIcEEEEbxydS8_NS1_14adl_serializerEEERNS8_ISC_EEEC1EjjSE_)
                  01018f18    0000003c     mqtt_release.a : mqttclient.oem4 (.text:processDisconnCB)
                  01018f54    0000003c     freertos_builds_CC3220SF_LAUNCHXL_release_ccs.lib : queue.obj (.text:prvCopyDataFromQueue)
                  01018f90    0000003c                                                       : tasks.obj (.text:prvResetNextTaskUnblockTime)
                  01018fcc    0000003c                                                       : tasks.obj (.text:pvTaskGetThreadLocalStoragePointer)
                  01019008    0000003c     mqtt_release.a : client_core.oem4 (.text:singleCtxRxPrepLocked)
                  01019044    0000003c                    : client_core.oem4 (.text:tailIncorpMsgID)
                  01019080    0000003c     freertos_builds_CC3220SF_LAUNCHXL_release_ccs.lib : timer.obj (.text:timespecToTicks)
                  010190bc    0000003c     simplelink.a : sl_socket.obj (.text:to_mSec)
                  010190f8    0000003c     freertos_builds_CC3220SF_LAUNCHXL_release_ccs.lib : sleep.obj (.text:usleep)
                  01019134    0000003c                                                       : list.obj (.text:vListInsertEnd)
                  01019170    0000003c                                                       : timers.obj (.text:xTimerCreate)
                  010191ac    0000003a     slnetifwifi.a : slnetifwifi.obj (.text:SlNetIfWifi_getIPAddr)
                  010191e6    0000003a     MQTT.obj (.text:_ZNSt3__26removeIPccEET_S2_S2_RKT0_)
                  01019220    0000003a     freertos_builds_CC3220SF_LAUNCHXL_release_ccs.lib : timer.obj (.text:callbackFxn)
                  0101925a    0000003a     drivers_cc32xx.aem4 : PWMTimerCC32XX.oem4 (.text:getPowerMgrId)
                  01019294    0000003a     mqtt_release.a : mqtt_common.oem4 (.text:mqpProcVhMsgIdRx)
                  010192ce    00000002     --HOLE-- [fill = 0]
                  010192d0    00000038                    : client_core.oem4 (.text:MQTTClientCore_registerNetSvc)
                  01019308    00000038                    : mqtt_common.oem4 (.text:MQTT_qos2PubCqLogup)
                  01019340    00000038     driverlib.a : prcm.obj (.text:PRCMLPDSEnterKeepDebugIf)
                  01019378    00000038     slnetifwifi.a : slnetifwifi.obj (.text:SlNetIfWifi_recvFrom)
                  010193b0    00000038                   : slnetifwifi.obj (.text:SlNetIfWifi_sendTo)
                  010193e8    00000038                   : slnetifwifi.obj (.text:SlNetIfWifi_socket)
                  01019420    00000038     slnetsock_release.a : slnetif.oem4 (.text:SlNetIf_configCheck)
                  01019458    00000038                         : slnetsock.oem4 (.text:SlNetSock_listen)
                  01019490    00000038                         : slnetutils.oem4 (.text:SlNetUtil_htonl)
                  010194c8    00000038     rtsv7M4_T_le_eabi.lib : trgmsg.c.obj (.text:__TI_writemsg)
                  01019500    00000038     mqtt_release.a : client_core.oem4 (.text:mqpAllocAtomic)
                  01019538    00000038                    : client_core.oem4 (.text:netRecv)
                  01019570    00000038     drivers_cc32xx.aem4 : PowerCC32XX.oem4 (.text:notify)
                  010195a8    00000038     freertos_builds_CC3220SF_LAUNCHXL_release_ccs.lib : timers.obj (.text:prvGetNextExpireTime)
                  010195e0    00000038                                                       : port.obj (.text:prvTaskExitError)
                  01019618    00000038     rtsv7M4_T_le_eabi.lib : fs_tod_t2.asm.obj (.text)
                  01019650    00000038                           : i_tofs_t2.asm.obj (.text)
                  01019688    00000038     drivers_cc32xx.aem4 : UARTCC32XXDMA.oem4 (.text:startTxFifoEmptyClk)
                  010196c0    00000036     mqtt_release.a : mqtt_common.oem4 (.text:MQTT_packetPrepFh)
                  010196f6    00000036     slnetifwifi.a : slnetifwifi.obj (.text:SlNetIfWifi_getHostByName)
                  0101972c    00000036                   : slnetifwifi.obj (.text:SlNetIfWifi_select)
                  01019762    00000036     drivers_cc32xx.aem4 : UARTCC32XX.oem4 (.text:UARTCC32XX_readCancel)
                  01019798    00000036     MQTT.obj (.text:_ZNSt3__26vectorIN8nlohmann10basic_jsonINS_3mapES0_NS_12basic_stringIcNS_11char_traitsIcEENS_9allocatorIcEEEEbxydS7_NS1_14adl_serializerEEENS7_ISB_EEE7reserveEj)
                  010197ce    00000036     mqtt_release.a : client_core.oem4 (.text:_procPubRecRx)
                  01019804    00000036     rtsv7M4_T_le_eabi.lib : strncpy.c.obj (.text:strncpy)
                  0101983a    00000002     --HOLE-- [fill = 0]
                  0101983c    00000034     driverlib.a : pin.obj (.text:PinModeGet)
                  01019870    00000034     drivers_cc32xx.aem4 : PowerCC32XX.oem4 (.text:PowerCC32XX_restoreParkState)
                  010198a4    00000034     freertos_builds_CC3220SF_LAUNCHXL_release_ccs.lib : SemaphoreP_freertos.obj (.text:SemaphoreP_pend)
                  010198d8    00000034     network_if.obj (.text:SimpleLinkGeneralEventHandler)
                  0101990c    00000034     slnetsock_release.a : slnetutils.oem4 (.text:SlNetUtil_htons)
                  01019940    00000034     drivers_cc32xx.aem4 : TimerCC32XX.oem4 (.text:TimerCC32XX_freeTimerResource)
                  01019974    00000034                         : UDMACC32XX.oem4 (.text:UDMACC32XX_close)
                  010199a8    00000034     mqtt_client_app.obj (.text:_Z23ti_net_SlNet_initConfigv)
                  010199dc    00000034     mqtt_client_app.obj (.text:_Z27pushButtonInterruptHandler2h)
                  01019a10    00000034     RPLidar.obj (.text:_ZN7RPLidar11cleanBufferEv)
                  01019a44    00000034     RPLidar.obj (.text:_ZN7RPLidar5beginEv)
                  01019a78    00000034     mqtt_client_app.obj (.text:_ZNSt3__23mapINS_12basic_stringIcNS_11char_traitsIcEENS_9allocatorIcEEEEN8nlohmann10basic_jsonIS0_NS_6vectorES6_bxydS4_NS7_14adl_serializerEEENS_4lessIvEENS4_INS_4pairIKS6_SB_EEEEEixEOS6_)
                  01019aac    00000034     mqtt_client_app.obj (.text:_ZNSt3__23mapINS_12basic_stringIcNS_11char_traitsIcEENS_9allocatorIcEEEEN8nlohmann10basic_jsonIS0_NS_6vectorES6_bxydS4_NS7_14adl_serializerEEENS_4lessIvEENS4_INS_4pairIKS6_SB_EEEEEixERSF_)
                  01019ae0    00000034     rtsv7M4_T_le_eabi.lib : string.cpp.obj (.text:_ZNSt3__29to_stringEf)
                  01019b14    00000034                           : fopen.c.obj (.text:__TI_cleanup)
                  01019b48    00000034                           : trgmsg.c.obj (.text:__TI_readmsg)
                  01019b7c    00000034     freertos_builds_CC3220SF_LAUNCHXL_release_ccs.lib : mqueue.obj (.text:findInList)
                  01019bb0    00000034     drivers_cc32xx.aem4 : TimerCC32XX.oem4 (.text:getPowerMgrId)
                  01019be4    00000034     mqtt_release.a : client_core.oem4 (.text:groupCtxsKaSequence)
                  01019c18    00000034                    : client_core.oem4 (.text:mqpFreeLocked)
                  01019c4c    00000034                    : client_core.oem4 (.text:procLoopbackRecv)
                  01019c80    00000034     freertos_builds_CC3220SF_LAUNCHXL_release_ccs.lib : timers.obj (.text:prvSampleTimeNow)
                  01019cb4    00000034                                                       : tasks.obj (.text:vTaskPlaceOnEventList)
                  01019ce8    00000034     drivers_cc32xx.aem4 : UARTCC32XXDMA.oem4 (.text:writeFinishedDoCallback)
                  01019d1c    00000032     mqtt_release.a : mqtt_common.oem4 (.text:MQTT_clCtxTimeoutInsert)
                  01019d4e    00000032                    : client_core.oem4 (.text:connectedStateRx)
                  01019d80    00000030     network_if.obj (.text:InitializeAppVariables)
                  01019db0    00000030     network_if.obj (.text:Network_IF_DisconnectFromAP)
                  01019de0    00000030     drivers_cc32xx.aem4 : PowerCC32XX.oem4 (.text:PowerCC32XX_restoreParkedPin)
                  01019e10    00000030     simplelink.a : fs.obj (.text:_SlFsStrlen)
                  01019e40    00000030     RPLidar.obj (.text:_ZN7RPLidar17_handleUartBufferEv)
                  01019e70    00000030     rtsv7M4_T_le_eabi.lib : snprintf.c.obj (.text:_outs)
                  01019ea0    00000030                           : vsnprintf.c.obj (.text:_outs)
                  01019ed0    00000030     mqtt_release.a : client_core.oem4 (.text:ack2MsgIdUnlog)
                  01019f00    00000030                    : client_core.oem4 (.text:clientDescInit)
                  01019f30    00000030     rtsv7M4_T_le_eabi.lib : getdevice.c.obj (.text:finddevice)
                  01019f60    00000030     mqtt_release.a : mqttclient.oem4 (.text:getAvailableClictxMem)
                  01019f90    00000030     freertos_builds_CC3220SF_LAUNCHXL_release_ccs.lib : list.obj (.text:vListInitialise)
                  01019fc0    00000030                                                       : port.obj (.text:vPortExitCritical)
                  01019ff0    00000030                                                       : tasks.obj (.text:xTaskGetSchedulerState)
                  0101a020    0000002e     simplelink.a : cc_pal.obj (.text:Mutex_create_handle)
                  0101a04e    0000002e     freertos_builds_CC3220SF_LAUNCHXL_release_ccs.lib : timers.obj (.text:pvTimerGetTimerID)
                  0101a07c    0000002e     rtsv7M4_T_le_eabi.lib : i_tofd_t2.asm.obj (.text)
                  0101a0aa    00000002     --HOLE-- [fill = 0]
                  0101a0ac    0000002c     drivers_cc32xx.aem4 : GPIOCC32XX.oem4 (.text:GPIO_clearInt)
                  0101a0d8    0000002c     freertos_builds_CC3220SF_LAUNCHXL_release_ccs.lib : HwiPCC32XX_freertos.obj (.text:HwiP_disable)
                  0101a104    0000002c     simplelink.a : cc_pal.obj (.text:NwpPowerOn)
                  0101a130    0000002c     driverlib.a : prcm.obj (.text:PRCMLPDSIntervalSet)
                  0101a15c    0000002c     drivers_cc32xx.aem4 : PowerCC32XX.oem4 (.text:PowerCC32XX_getParkState)
                  0101a188    0000002c     freertos_builds_CC3220SF_LAUNCHXL_release_ccs.lib : SemaphoreP_freertos.obj (.text:SemaphoreP_createBinary)
                  0101a1b4    0000002c     slnetifwifi.a : slnetifwifi.obj (.text:SlNetIfWifi_recv)
                  0101a1e0    0000002c                   : slnetifwifi.obj (.text:SlNetIfWifi_send)
                  0101a20c    0000002c     simplelink.a : driver.obj (.text:_SlDrvSyncObjWaitForever)
                  0101a238    0000002c     RPLidar.obj (.text:_ZN7RPLidar4stopEv)
                  0101a264    0000002c     mqtt_client_app.obj (.text:_ZNSt3__213__vector_baseIN8nlohmann10basic_jsonINS_3mapENS_6vectorENS_12basic_stringIcNS_11char_traitsIcEENS_9allocatorIcEEEEbxydS8_NS1_14adl_serializerEEENS8_ISC_EEE5clearEv)
                  0101a290    0000002c     MQTT.obj (.text:_ZNSt3__213__vector_baseIN8nlohmann10basic_jsonINS_3mapENS_6vectorENS_12basic_stringIcNS_11char_traitsIcEENS_9allocatorIcEEEEbxydS8_NS1_14adl_serializerEEENS8_ISC_EEED1Ev)
                  0101a2bc    0000002c     mqtt_release.a : client_core.oem4 (.text:doNetCloseRx)
                  0101a2e8    0000002c     freertos_builds_CC3220SF_LAUNCHXL_release_ccs.lib : pthread_mutex.obj (.text:pthread_mutexattr_settype)
                  0101a314    0000002c     mqtt_release.a : client_core.oem4 (.text:singleCtxAdjWaitSecsGet)
                  0101a340    0000002c     rtsv7M4_T_le_eabi.lib : strncmp.c.obj (.text:strncmp)
                  0101a36c    0000002c     freertos_builds_CC3220SF_LAUNCHXL_release_ccs.lib : timer.obj (.text:timer_delete)
                  0101a398    0000002c     rtsv7M4_T_le_eabi.lib : unlink.c.obj (.text:unlink)
                  0101a3c4    0000002c     freertos_builds_CC3220SF_LAUNCHXL_release_ccs.lib : tasks.obj (.text:vTaskSetApplicationTaskTag)
                  0101a3f0    0000002c                                                       : port.obj (.text:xPortSysTickHandler)
                  0101a41c    0000002c                                                       : queue.obj (.text:xQueueCreateMutex)
                  0101a448    0000002a     slnetsock_release.a : slnetutils.oem4 (.text:SlNetUtil_inetPton)
                  0101a472    0000002a     drivers_cc32xx.aem4 : UARTCC32XXDMA.oem4 (.text:UARTCC32XXDMA_readCancel)
                  0101a49c    0000002a                         : UARTCC32XXDMA.oem4 (.text:UARTCC32XXDMA_writeCancel)
                  0101a4c6    0000002a     mqtt_release.a : client_core.oem4 (.text:ack2MsgIdDispatch)
                  0101a4f0    0000002a                    : client_core.oem4 (.text:pingReqSend)
                  0101a51a    0000002a     freertos_builds_CC3220SF_LAUNCHXL_release_ccs.lib : queue.obj (.text:prvInitialiseMutex)
                  0101a544    0000002a     mqtt_release.a : client_core.oem4 (.text:txPartSetup)
                  0101a56e    0000002a     freertos_builds_CC3220SF_LAUNCHXL_release_ccs.lib : queue.obj (.text:uxQueueMessagesWaiting)
                  0101a598    0000002a                                                       : timers.obj (.text:xTimerGetExpiryTime)
                  0101a5c2    00000002     --HOLE-- [fill = 0]
                  0101a5c4    00000028                                                       : HwiPCC32XX_freertos.obj (.text:HwiP_inISR)
                  0101a5ec    00000028     mqtt_release.a : mqtt_common.oem4 (.text:MQTT_packetBufWrUtf8)
                  0101a614    00000028     driverlib.a : prcm.obj (.text:PRCMLPDSWakeupSourceEnable)
                  0101a63c    00000028                 : prcm.obj (.text:PRCMPeripheralClkDisable)
                  0101a664    00000028     drivers_cc32xx.aem4 : PowerCC32XX.oem4 (.text:Power_registerNotify)
                  0101a68c    00000028     slnetsock_release.a : slnetif.oem4 (.text:SlNetIf_getIfByID)
                  0101a6b4    00000028                         : slnetsock.oem4 (.text:SlNetSock_sdsIsSet)
                  0101a6dc    00000028                         : slnetsock.oem4 (.text:SlNetSock_sdsSet)
                  0101a704    00000028                         : slnetsock.oem4 (.text:SlNetSock_secAttribDelete)
                  0101a72c    00000028     simplelink.a : driver.obj (.text:_SlDrvProtectionObjLockWaitForever)
[...]
2000b88c  will_param                                                                                                                                                                                                                                                                                                                                                                                                   
2000b898  ClientId                                                                                                                                                                                                                                                                                                                                                                                                     
2000b8a8  topic                                                                                                                                                                                                                                                                                                                                                                                                        
2000b8b8  Mqtt_ClientCtx                                                                                                                                                                                                                                                                                                                                                                                               
2000b8d0  _device                                                                                                                                                                                                                                                                                                                                                                                                      
2000b948  SlNetIfConfigWifi                                                                                                                                                                                                                                                                                                                                                                                            
2000b9a0  _stream                                                                                                                                                                                                                                                                                                                                                                                                      
2000ba60  pxCurrentTCB                                                                                                                                                                                                                                                                                                                                                                                                 
2000ba94  g_ulStaIp                                                                                                                                                                                                                                                                                                                                                                                                    
2000ba98  g_ulGatewayIP                                                                                                                                                                                                                                                                                                                                                                                                
2000ba9c  g_ucConnectionBSSID                                                                                                                                                                                                                                                                                                                                                                                          
2000baa2  g_ucConnectionSSID                                                                                                                                                                                                                                                                                                                                                                                           
2000bac4  MQTTClient_net                                                                                                                                                                                                                                                                                                                                                                                               
2000baec  g_LibsEvents                                                                                                                                                                                                                                                                                                                                                                                                 
2000bb10  g_UserEvents                                                                                                                                                                                                                                                                                                                                                                                                 
2000bb34  gpioCallbackFunctions                                                                                                                                                                                                                                                                                                                                                                                        
2000bb54  gpioPinConfigs                                                                                                                                                                                                                                                                                                                                                                                               
2000bbc8  __TI_ft_end                                                                                                                                                                                                                                                                                                                                                                                                  
2000bbcc  __aeabi_stdin                                                                                                                                                                                                                                                                                                                                                                                                
2000bbd0  __aeabi_stdout                                                                                                                                                                                                                                                                                                                                                                                               
2000bbd4  __aeabi_stderr                                                                                                                                                                                                                                                                                                                                                                                               
2000bbd8  __TI_cleanup_ptr                                                                                                                                                                                                                                                                                                                                                                                             
2000bbdc  __TI_dtors_ptr                                                                                                                                                                                                                                                                                                                                                                                               
2000bbe0  __TI_enable_exit_profile_output                                                                                                                                                                                                                                                                                                                                                                              
2000bbfc  gGlobalLockCntRequested                                                                                                                                                                                                                                                                                                                                                                                      
2000bbfd  gGlobalLockCntReleased                                                                                                                                                                                                                                                                                                                                                                                       
2000bbfe  g_SlDeviceStatus                                                                                                                                                                                                                                                                                                                                                                                             
2000bc00  g_pCB                                                                                                                                                                                                                                                                                                                                                                                                        
2000bc04  pPingCallBackFunc                                                                                                                                                                                                                                                                                                                                                                                            
2000bc20  MQTTClient_closeContext                                                                                                                                                                                                                                                                                                                                                                                      
2000bc24  MQTTClient_clientContext                                                                                                                                                                                                                                                                                                                                                                                     
2000bc28  MQTTClient_multiSrvConn                                                                                                                                                                                                                                                                                                                                                                                      
2000bc2c  _lock                                                                                                                                                                                                                                                                                                                                                                                                        
2000bc30  _unlock                                                                                                                                                                                                                                                                                                                                                                                                      
2000bc34  MQTTClient_clientCfg                                                                                                                                                                                                                                                                                                                                                                                         
2000bc64  MQTTClient_connectCfg                                                                                                                                                                                                                                                                                                                                                                                        
2000bc74  g_ulStatus                                                                                                                                                                                                                                                                                                                                                                                                   
2000bc78  g_intHandle                                                                                                                                                                                                                                                                                                                                                                                                  
2003fc00  __stack                                                                                                                                                                                                                                                                                                                                                                                                      
20040000  __STACK_END                                                                                                                                                                                                                                                                                                                                                                                                  
ffffffff  __TI_pprof_out_hndl                                                                                                                                                                                                                                                                                                                                                                                          
ffffffff  __TI_prof_data_size                                                                                                                                                                                                                                                                                                                                                                                          
ffffffff  __TI_prof_data_start                                                                                                                                                                                                                                                                                                                                                                                         
ffffffff  __binit__                                                                                                                                                                                                                                                                                                                                                                                                    
ffffffff  __c_args__                                                                                                                                                                                                                                                                                                                                                                                                   
ffffffff  binit                                                                                                                                                                                                                                                                                                                                                                                                        
UNDEFED   __mpu_init                                                                                                                                                                                                                                                                                                                                                                                                   
UNDEFED   _system_post_cinit                                                                                                                                                                                                                                                                                                                                                                                           

[950 symbols]
